---
http_interactions:
- request:
    method: get
    uri: http://localhost:3001/api/v1/profiles/1/circle
    body:
      encoding: US-ASCII
      string: ''
    headers:
      User-Agent:
      - Faraday v1.4.1
      Accept-Encoding:
      - gzip;q=1.0,deflate;q=0.6,identity;q=0.3
      Accept:
      - "*/*"
  response:
    status:
      code: 200
      message: OK
    headers:
      Content-Type:
      - application/json; charset=utf-8
      Etag:
      - W/"f76144aad54aa53463ca3d8d974f3438"
      Cache-Control:
      - max-age=0, private, must-revalidate
      X-Request-Id:
      - 7fd8dcc9-cab7-4b6a-9868-76d7d18bdda6
      X-Runtime:
      - '0.025111'
      Transfer-Encoding:
      - chunked
    body:
      encoding: UTF-8
      string: '{"data":[{"id":"2","type":"profile","attributes":{"zipcode":"80305","user_id":2,"profile_picture":"http://www.google.com","username":"korn"}},{"id":"3","type":"profile","attributes":{"zipcode":"80304","user_id":3,"profile_picture":"http://www.google.com","username":"slipknot"}},{"id":"4","type":"profile","attributes":{"zipcode":"80303","user_id":4,"profile_picture":"http://www.google.com","username":"photos
        by jim"}},{"id":"5","type":"profile","attributes":{"zipcode":"80544","user_id":5,"profile_picture":"http://www.google.com","username":"arteest"}}]}'
  recorded_at: Wed, 21 Apr 2021 22:09:24 GMT
- request:
    method: get
    uri: http://localhost:3001/api/v1/profiles/1/circle/posts
    body:
      encoding: US-ASCII
      string: ''
    headers:
      User-Agent:
      - Faraday v1.4.1
      Accept-Encoding:
      - gzip;q=1.0,deflate;q=0.6,identity;q=0.3
      Accept:
      - "*/*"
  response:
    status:
      code: 200
      message: OK
    headers:
      Content-Type:
      - application/json; charset=utf-8
      Etag:
      - W/"0b52d3e150738ed63092a5c272889a2f"
      Cache-Control:
      - max-age=0, private, must-revalidate
      X-Request-Id:
      - 2b03c175-f10b-4dd0-bf15-5be3f1015ed6
      X-Runtime:
      - '0.012039'
      Transfer-Encoding:
      - chunked
    body:
      encoding: UTF-8
      string: '{"data":[{"id":"4","type":"post","attributes":{"content":"hey did you
        see that headline?","link":"photoURL.com","user_id":2,"created_at":"2021-04-21T20:33:38.808Z"}},{"id":"5","type":"post","attributes":{"content":"hey
        checkout my create shoes?","link":"photoURL.com","user_id":2,"created_at":"2021-04-21T20:33:38.812Z"}},{"id":"6","type":"post","attributes":{"content":"hey
        did you see software update?","link":"photoURL.com","user_id":3,"created_at":"2021-04-21T20:33:38.815Z"}},{"id":"7","type":"post","attributes":{"content":"hey
        did you see your mom called?","link":null,"user_id":3,"created_at":"2021-04-21T20:33:38.819Z"}},{"id":"8","type":"post","attributes":{"content":"hey
        did you see that we''re not friends on FB anymore?","link":"photoURL.com","user_id":4,"created_at":"2021-04-21T20:33:38.823Z"}},{"id":"9","type":"post","attributes":{"content":"hey
        did you see hear about that create app called ''level''?","link":"photoURL.com","user_id":4,"created_at":"2021-04-21T20:33:38.827Z"}},{"id":"10","type":"post","attributes":{"content":"hey
        i just got hired at a sick new comapny","link":null,"user_id":5,"created_at":"2021-04-21T20:33:38.831Z"}}]}'
  recorded_at: Wed, 21 Apr 2021 22:09:24 GMT
- request:
    method: get
    uri: http://localhost:3001/api/v1/profile/1/tags
    body:
      encoding: US-ASCII
      string: ''
    headers:
      User-Agent:
      - Faraday v1.4.1
      Accept-Encoding:
      - gzip;q=1.0,deflate;q=0.6,identity;q=0.3
      Accept:
      - "*/*"
  response:
    status:
      code: 200
      message: OK
    headers:
      Content-Type:
      - application/json; charset=utf-8
      Etag:
      - W/"b097848aa641a140251637a1381b4326"
      Cache-Control:
      - max-age=0, private, must-revalidate
      X-Request-Id:
      - c923a18d-94b5-40e7-b4db-983ee2ce5d91
      X-Runtime:
      - '0.008204'
      Transfer-Encoding:
      - chunked
    body:
      encoding: UTF-8
      string: '{"data":[{"id":"1","type":"tag","attributes":{"name":"Painter"}},{"id":"3","type":"tag","attributes":{"name":"Sculpter"}}]}'
  recorded_at: Wed, 21 Apr 2021 22:09:24 GMT
- request:
    method: get
    uri: http://localhost:3001/api/v1/profiles/1/post
    body:
      encoding: US-ASCII
      string: ''
    headers:
      User-Agent:
      - Faraday v1.4.1
      Accept-Encoding:
      - gzip;q=1.0,deflate;q=0.6,identity;q=0.3
      Accept:
      - "*/*"
  response:
    status:
      code: 200
      message: OK
    headers:
      Content-Type:
      - application/json; charset=utf-8
      Etag:
      - W/"ff091995ade4627ca3932081bfe09fda"
      Cache-Control:
      - max-age=0, private, must-revalidate
      X-Request-Id:
      - 5100becc-2a9c-4228-8e2c-2d73502ee949
      X-Runtime:
      - '0.006127'
      Transfer-Encoding:
      - chunked
    body:
      encoding: UTF-8
      string: '{"data":[{"id":"1","type":"post","attributes":{"content":"hey did you
        see that lil nas X video?","link":"photoURL.com","user_id":1,"created_at":"2021-04-21T20:33:38.795Z"}},{"id":"2","type":"post","attributes":{"content":"hey
        did you see that create meme?","link":"photoURL.com","user_id":1,"created_at":"2021-04-21T20:33:38.800Z"}},{"id":"3","type":"post","attributes":{"content":"hey
        did you see that riot footage?","link":null,"user_id":1,"created_at":"2021-04-21T20:33:38.804Z"}}]}'
  recorded_at: Wed, 21 Apr 2021 22:09:24 GMT
- request:
    method: get
    uri: http://localhost:3001/api/v1/profiles/1/galleries
    body:
      encoding: US-ASCII
      string: ''
    headers:
      User-Agent:
      - Faraday v1.4.1
      Accept-Encoding:
      - gzip;q=1.0,deflate;q=0.6,identity;q=0.3
      Accept:
      - "*/*"
  response:
    status:
      code: 200
      message: OK
    headers:
      Content-Type:
      - application/json; charset=utf-8
      Etag:
      - W/"f8fea3b1ad31ecc640e6ed2181438cb2"
      Cache-Control:
      - max-age=0, private, must-revalidate
      X-Request-Id:
      - 20a0b89a-486a-47de-82dd-b6a47d170f96
      X-Runtime:
      - '0.005650'
      Transfer-Encoding:
      - chunked
    body:
      encoding: UTF-8
      string: '{"data":[{"id":"1","type":"gallery","attributes":{"user_id":1,"name":"photos
        from cali","created_at":"2021-04-21T20:33:38.849Z","updated_at":"2021-04-21T20:33:38.849Z","photo_url":"https://miro.medium.com/max/3840/1*6h1kck2QmGaC89ERN_W3UA.jpeg"}},{"id":"9","type":"gallery","attributes":{"user_id":1,"name":"PROFILE","created_at":"2021-04-21T20:33:38.883Z","updated_at":"2021-04-21T20:33:38.883Z","photo_url":"https://wallpaperaccess.com/full/16965.jpg"}},{"id":"10","type":"gallery","attributes":{"user_id":1,"name":"Profile","created_at":"2021-04-21T20:33:38.887Z","updated_at":"2021-04-21T20:33:38.887Z","photo_url":"https://wallpaperaccess.com/full/16965.jpg"}}]}'
  recorded_at: Wed, 21 Apr 2021 22:09:24 GMT
- request:
    method: get
    uri: http://localhost:3001/api/v1/profiles/1/galleries/1/photos
    body:
      encoding: US-ASCII
      string: ''
    headers:
      User-Agent:
      - Faraday v1.4.1
      Accept-Encoding:
      - gzip;q=1.0,deflate;q=0.6,identity;q=0.3
      Accept:
      - "*/*"
  response:
    status:
      code: 200
      message: OK
    headers:
      Content-Type:
      - application/json; charset=utf-8
      Etag:
      - W/"504273031e8352f38b6550aa8e30c4a0"
      Cache-Control:
      - max-age=0, private, must-revalidate
      X-Request-Id:
      - 149ee05a-6dd9-4351-9004-7ef16c189c45
      X-Runtime:
      - '0.006814'
      Transfer-Encoding:
      - chunked
    body:
      encoding: UTF-8
      string: '{"data":[{"id":"1","type":"photo","attributes":{"description":"pic
        1","url":"https://miro.medium.com/max/3840/1*6h1kck2QmGaC89ERN_W3UA.jpeg","created_at":"2021-04-21T20:33:38.932Z","updated_at":"2021-04-21T20:33:38.932Z","gallery_id":1}},{"id":"2","type":"photo","attributes":{"description":"pic
        1","url":"http://www.google.com","created_at":"2021-04-21T20:33:38.942Z","updated_at":"2021-04-21T20:33:38.942Z","gallery_id":1}},{"id":"3","type":"photo","attributes":{"description":"pic
        1","url":"http://www.google.com","created_at":"2021-04-21T20:33:38.947Z","updated_at":"2021-04-21T20:33:38.947Z","gallery_id":1}}]}'
  recorded_at: Wed, 21 Apr 2021 22:09:24 GMT
- request:
    method: get
    uri: http://localhost:3001/api/v1/profiles/1/galleries/9/photos
    body:
      encoding: US-ASCII
      string: ''
    headers:
      User-Agent:
      - Faraday v1.4.1
      Accept-Encoding:
      - gzip;q=1.0,deflate;q=0.6,identity;q=0.3
      Accept:
      - "*/*"
  response:
    status:
      code: 200
      message: OK
    headers:
      Content-Type:
      - application/json; charset=utf-8
      Etag:
      - W/"2438a7c85fcaa7f35d1c923a4318e9a8"
      Cache-Control:
      - max-age=0, private, must-revalidate
      X-Request-Id:
      - 0eee2c34-fb68-46b3-88e5-9fa8a6d57481
      X-Runtime:
      - '0.006608'
      Transfer-Encoding:
      - chunked
    body:
      encoding: UTF-8
      string: '{"data":[{"id":"23","type":"photo","attributes":{"description":"feature
        photo","url":"https://wallpaperaccess.com/full/16965.jpg","created_at":"2021-04-21T20:33:39.074Z","updated_at":"2021-04-21T20:33:39.074Z","gallery_id":9}}]}'
  recorded_at: Wed, 21 Apr 2021 22:09:24 GMT
- request:
    method: get
    uri: http://localhost:3001/api/v1/profiles/1/galleries/10/photos
    body:
      encoding: US-ASCII
      string: ''
    headers:
      User-Agent:
      - Faraday v1.4.1
      Accept-Encoding:
      - gzip;q=1.0,deflate;q=0.6,identity;q=0.3
      Accept:
      - "*/*"
  response:
    status:
      code: 200
      message: OK
    headers:
      Content-Type:
      - application/json; charset=utf-8
      Etag:
      - W/"905d2a194eb9c4b581eee22850b31e17"
      Cache-Control:
      - max-age=0, private, must-revalidate
      X-Request-Id:
      - 2f7f5c66-16a6-4202-9ada-272b6ee7cfed
      X-Runtime:
      - '0.005983'
      Transfer-Encoding:
      - chunked
    body:
      encoding: UTF-8
      string: '{"data":[{"id":"24","type":"photo","attributes":{"description":"feature
        photo","url":"https://media.wired.com/photos/5cdefb92b86e041493d389df/191:100/w_1500,h_785,c_limit/Culture-Grumpy-Cat-487386121.jpg","created_at":"2021-04-21T20:33:39.079Z","updated_at":"2021-04-21T20:33:39.079Z","gallery_id":10}}]}'
  recorded_at: Wed, 21 Apr 2021 22:09:24 GMT
- request:
    method: get
    uri: http://localhost:3001/api/v1/profiles/1
    body:
      encoding: US-ASCII
      string: ''
    headers:
      User-Agent:
      - Faraday v1.4.1
      Accept-Encoding:
      - gzip;q=1.0,deflate;q=0.6,identity;q=0.3
      Accept:
      - "*/*"
  response:
    status:
      code: 200
      message: OK
    headers:
      Content-Type:
      - application/json; charset=utf-8
      Etag:
      - W/"26830db28cea9cadaa30ce67a401308e"
      Cache-Control:
      - max-age=0, private, must-revalidate
      X-Request-Id:
      - 98947ab3-242d-4e59-b532-c3e0fefc816c
      X-Runtime:
      - '0.004041'
      Transfer-Encoding:
      - chunked
    body:
      encoding: UTF-8
      string: '{"data":{"id":"1","type":"profile","attributes":{"zipcode":"80301","user_id":1,"profile_picture":"http://www.google.com","username":"the
        painter man"}}}'
  recorded_at: Wed, 21 Apr 2021 22:09:24 GMT
- request:
    method: get
    uri: http://localhost:3001/api/v1/profiles/1
    body:
      encoding: US-ASCII
      string: ''
    headers:
      User-Agent:
      - Faraday v1.4.1
      Accept-Encoding:
      - gzip;q=1.0,deflate;q=0.6,identity;q=0.3
      Accept:
      - "*/*"
  response:
    status:
      code: 200
      message: OK
    headers:
      Content-Type:
      - application/json; charset=utf-8
      Etag:
      - W/"26830db28cea9cadaa30ce67a401308e"
      Cache-Control:
      - max-age=0, private, must-revalidate
      X-Request-Id:
      - be70c97d-0cbb-446e-b614-1f784b42a3b9
      X-Runtime:
      - '0.002956'
      Transfer-Encoding:
      - chunked
    body:
      encoding: UTF-8
      string: '{"data":{"id":"1","type":"profile","attributes":{"zipcode":"80301","user_id":1,"profile_picture":"http://www.google.com","username":"the
        painter man"}}}'
  recorded_at: Wed, 21 Apr 2021 22:09:24 GMT
recorded_with: VCR 6.0.0
