---
http_interactions:
- request:
    method: post
    uri: https://lit-atoll-80185.herokuapp.com/api/v1/profiles?profile_picture=spec/fixtures/fluff.jpg&user_id=163&username=la&zipcode=80000
    body:
      encoding: UTF-8
      string: ''
    headers:
      User-Agent:
      - Faraday v1.3.0
      Content-Length:
      - '0'
      Accept-Encoding:
      - gzip;q=1.0,deflate;q=0.6,identity;q=0.3
      Accept:
      - "*/*"
  response:
    status:
      code: 201
      message: Created
    headers:
      Server:
      - Cowboy
      Date:
      - Sat, 17 Apr 2021 23:27:51 GMT
      Connection:
      - keep-alive
      Content-Type:
      - application/json; charset=utf-8
      Etag:
      - W/"8f7fc60752a9e15e49c51adc89963144"
      Cache-Control:
      - max-age=0, private, must-revalidate
      X-Request-Id:
      - afe13f1e-21c8-440b-b2c0-f8e900130b2a
      X-Runtime:
      - '0.036365'
      Transfer-Encoding:
      - chunked
      Via:
      - 1.1 vegur
    body:
      encoding: UTF-8
      string: '{"data":"profile created successfully"}'
  recorded_at: Sat, 17 Apr 2021 23:27:52 GMT
- request:
    method: post
    uri: https://lit-atoll-80185.herokuapp.com/api/v1/profiles/163/galleries?name=gallery&photo_url=fjdlkas&user_id=163
    body:
      encoding: UTF-8
      string: ''
    headers:
      User-Agent:
      - Faraday v1.3.0
      Content-Length:
      - '0'
      Accept-Encoding:
      - gzip;q=1.0,deflate;q=0.6,identity;q=0.3
      Accept:
      - "*/*"
  response:
    status:
      code: 201
      message: Created
    headers:
      Server:
      - Cowboy
      Date:
      - Sat, 17 Apr 2021 23:27:51 GMT
      Connection:
      - keep-alive
      Content-Type:
      - application/json; charset=utf-8
      Etag:
      - W/"29a842188592ee0ff9e2a4059edd680c"
      Cache-Control:
      - max-age=0, private, must-revalidate
      X-Request-Id:
      - 835c8182-e413-4457-8241-b5caec1114fd
      X-Runtime:
      - '0.020921'
      Transfer-Encoding:
      - chunked
      Via:
      - 1.1 vegur
    body:
      encoding: UTF-8
      string: '{"data":"gallery created successfully"}'
  recorded_at: Sat, 17 Apr 2021 23:27:52 GMT
- request:
    method: get
    uri: https://lit-atoll-80185.herokuapp.com/api/v1/profiles/163/galleries
    body:
      encoding: US-ASCII
      string: ''
    headers:
      User-Agent:
      - Faraday v1.3.0
      Accept-Encoding:
      - gzip;q=1.0,deflate;q=0.6,identity;q=0.3
      Accept:
      - "*/*"
  response:
    status:
      code: 200
      message: OK
    headers:
      Server:
      - Cowboy
      Date:
      - Sat, 17 Apr 2021 23:27:52 GMT
      Connection:
      - keep-alive
      Content-Type:
      - application/json; charset=utf-8
      Etag:
      - W/"f6ead2dc1898a7d11839f3ff5e02b0da"
      Cache-Control:
      - max-age=0, private, must-revalidate
      X-Request-Id:
      - 6b571295-45d3-4df1-ac28-4deb489feb97
      X-Runtime:
      - '0.013547'
      Transfer-Encoding:
      - chunked
      Via:
      - 1.1 vegur
    body:
      encoding: UTF-8
      string: '{"data":[{"id":"23","type":"gallery","attributes":{"user_id":163,"photo_url":"fjdlkas","name":"gallery","created_at":"2021-04-17T23:27:52.480Z","updated_at":"2021-04-17T23:27:52.480Z","photo_count":0}}]}'
  recorded_at: Sat, 17 Apr 2021 23:27:52 GMT
- request:
    method: post
    uri: https://lit-atoll-80185.herokuapp.com/api/v1/profiles/163/galleries/23/photos?description=description&url=url
    body:
      encoding: UTF-8
      string: ''
    headers:
      User-Agent:
      - Faraday v1.3.0
      Content-Length:
      - '0'
      Accept-Encoding:
      - gzip;q=1.0,deflate;q=0.6,identity;q=0.3
      Accept:
      - "*/*"
  response:
    status:
      code: 201
      message: Created
    headers:
      Server:
      - Cowboy
      Date:
      - Sat, 17 Apr 2021 23:27:52 GMT
      Connection:
      - keep-alive
      Content-Type:
      - application/json; charset=utf-8
      Etag:
      - W/"e9f182fcd88f2adf9d1cff4b3b9568da"
      Cache-Control:
      - max-age=0, private, must-revalidate
      X-Request-Id:
      - a9a55ec1-862a-4209-adc4-aa7239898f4d
      X-Runtime:
      - '0.037884'
      Transfer-Encoding:
      - chunked
      Via:
      - 1.1 vegur
    body:
      encoding: UTF-8
      string: '{"data":"photo created successfully"}'
  recorded_at: Sat, 17 Apr 2021 23:27:52 GMT
- request:
    method: post
    uri: https://lit-atoll-80185.herokuapp.com/api/v1/profiles?profile_picture=spec/fixtures/fluff.jpg&user_id=202&username=la&zipcode=80000
    body:
      encoding: UTF-8
      string: ''
    headers:
      User-Agent:
      - Faraday v1.3.0
      Content-Length:
      - '0'
      Accept-Encoding:
      - gzip;q=1.0,deflate;q=0.6,identity;q=0.3
      Accept:
      - "*/*"
  response:
    status:
      code: 201
      message: Created
    headers:
      Server:
      - Cowboy
      Date:
      - Sat, 17 Apr 2021 23:28:34 GMT
      Connection:
      - keep-alive
      Content-Type:
      - application/json; charset=utf-8
      Etag:
      - W/"8f7fc60752a9e15e49c51adc89963144"
      Cache-Control:
      - max-age=0, private, must-revalidate
      X-Request-Id:
      - 0154fd84-151e-4a3d-8d3b-06c0655997e8
      X-Runtime:
      - '0.030369'
      Transfer-Encoding:
      - chunked
      Via:
      - 1.1 vegur
    body:
      encoding: UTF-8
      string: '{"data":"profile created successfully"}'
  recorded_at: Sat, 17 Apr 2021 23:28:35 GMT
- request:
    method: post
    uri: https://lit-atoll-80185.herokuapp.com/api/v1/profiles/202/galleries?name=gallery&photo_url=fjdlkas&user_id=202
    body:
      encoding: UTF-8
      string: ''
    headers:
      User-Agent:
      - Faraday v1.3.0
      Content-Length:
      - '0'
      Accept-Encoding:
      - gzip;q=1.0,deflate;q=0.6,identity;q=0.3
      Accept:
      - "*/*"
  response:
    status:
      code: 201
      message: Created
    headers:
      Server:
      - Cowboy
      Date:
      - Sat, 17 Apr 2021 23:28:35 GMT
      Connection:
      - keep-alive
      Content-Type:
      - application/json; charset=utf-8
      Etag:
      - W/"29a842188592ee0ff9e2a4059edd680c"
      Cache-Control:
      - max-age=0, private, must-revalidate
      X-Request-Id:
      - 29d36273-0747-4d2e-9c4c-1e7e5c227d67
      X-Runtime:
      - '0.043270'
      Transfer-Encoding:
      - chunked
      Via:
      - 1.1 vegur
    body:
      encoding: UTF-8
      string: '{"data":"gallery created successfully"}'
  recorded_at: Sat, 17 Apr 2021 23:28:35 GMT
- request:
    method: get
    uri: https://lit-atoll-80185.herokuapp.com/api/v1/profiles/202/galleries
    body:
      encoding: US-ASCII
      string: ''
    headers:
      User-Agent:
      - Faraday v1.3.0
      Accept-Encoding:
      - gzip;q=1.0,deflate;q=0.6,identity;q=0.3
      Accept:
      - "*/*"
  response:
    status:
      code: 200
      message: OK
    headers:
      Server:
      - Cowboy
      Date:
      - Sat, 17 Apr 2021 23:28:35 GMT
      Connection:
      - keep-alive
      Content-Type:
      - application/json; charset=utf-8
      Etag:
      - W/"4249efe9e4427ca818d5317bf9441751"
      Cache-Control:
      - max-age=0, private, must-revalidate
      X-Request-Id:
      - ed9fd82c-5908-4548-b4bb-a655b14b339a
      X-Runtime:
      - '0.017384'
      Transfer-Encoding:
      - chunked
      Via:
      - 1.1 vegur
    body:
      encoding: UTF-8
      string: '{"data":[{"id":"25","type":"gallery","attributes":{"user_id":202,"photo_url":"fjdlkas","name":"gallery","created_at":"2021-04-17T23:28:35.466Z","updated_at":"2021-04-17T23:28:35.466Z","photo_count":0}}]}'
  recorded_at: Sat, 17 Apr 2021 23:28:35 GMT
- request:
    method: post
    uri: https://lit-atoll-80185.herokuapp.com/api/v1/profiles/202/galleries/25/photos?description=description&url=url
    body:
      encoding: UTF-8
      string: ''
    headers:
      User-Agent:
      - Faraday v1.3.0
      Content-Length:
      - '0'
      Accept-Encoding:
      - gzip;q=1.0,deflate;q=0.6,identity;q=0.3
      Accept:
      - "*/*"
  response:
    status:
      code: 201
      message: Created
    headers:
      Server:
      - Cowboy
      Date:
      - Sat, 17 Apr 2021 23:28:35 GMT
      Connection:
      - keep-alive
      Content-Type:
      - application/json; charset=utf-8
      Etag:
      - W/"e9f182fcd88f2adf9d1cff4b3b9568da"
      Cache-Control:
      - max-age=0, private, must-revalidate
      X-Request-Id:
      - 56b1fddc-9d4c-446e-8424-12d09eb25760
      X-Runtime:
      - '0.036026'
      Transfer-Encoding:
      - chunked
      Via:
      - 1.1 vegur
    body:
      encoding: UTF-8
      string: '{"data":"photo created successfully"}'
  recorded_at: Sat, 17 Apr 2021 23:28:35 GMT
- request:
    method: post
    uri: https://lit-atoll-80185.herokuapp.com/api/v1/profiles?profile_picture=spec/fixtures/fluff.jpg&user_id=241&username=la&zipcode=80000
    body:
      encoding: UTF-8
      string: ''
    headers:
      User-Agent:
      - Faraday v1.3.0
      Content-Length:
      - '0'
      Accept-Encoding:
      - gzip;q=1.0,deflate;q=0.6,identity;q=0.3
      Accept:
      - "*/*"
  response:
    status:
      code: 400
      message: Bad Request
    headers:
      Server:
      - Cowboy
      Date:
      - Sat, 17 Apr 2021 23:32:18 GMT
      Connection:
      - keep-alive
      Content-Type:
      - application/json; charset=utf-8
      Cache-Control:
      - no-cache
      X-Request-Id:
      - ba340f81-09ff-420a-a162-84800b6152e0
      X-Runtime:
      - '0.049774'
      Transfer-Encoding:
      - chunked
      Via:
      - 1.1 vegur
    body:
      encoding: UTF-8
      string: '{"data":{},"error":"invalid parameters"}'
  recorded_at: Sat, 17 Apr 2021 23:32:18 GMT
- request:
    method: post
    uri: https://lit-atoll-80185.herokuapp.com/api/v1/profiles/241/galleries?name=gallery&photo_url=fjdlkas&user_id=241
    body:
      encoding: UTF-8
      string: ''
    headers:
      User-Agent:
      - Faraday v1.3.0
      Content-Length:
      - '0'
      Accept-Encoding:
      - gzip;q=1.0,deflate;q=0.6,identity;q=0.3
      Accept:
      - "*/*"
  response:
    status:
      code: 201
      message: Created
    headers:
      Server:
      - Cowboy
      Date:
      - Sat, 17 Apr 2021 23:32:18 GMT
      Connection:
      - keep-alive
      Content-Type:
      - application/json; charset=utf-8
      Etag:
      - W/"29a842188592ee0ff9e2a4059edd680c"
      Cache-Control:
      - max-age=0, private, must-revalidate
      X-Request-Id:
      - 61df37ca-885b-4186-97b4-6614f979982c
      X-Runtime:
      - '0.053032'
      Transfer-Encoding:
      - chunked
      Via:
      - 1.1 vegur
    body:
      encoding: UTF-8
      string: '{"data":"gallery created successfully"}'
  recorded_at: Sat, 17 Apr 2021 23:32:19 GMT
- request:
    method: get
    uri: https://lit-atoll-80185.herokuapp.com/api/v1/profiles/241/galleries
    body:
      encoding: US-ASCII
      string: ''
    headers:
      User-Agent:
      - Faraday v1.3.0
      Accept-Encoding:
      - gzip;q=1.0,deflate;q=0.6,identity;q=0.3
      Accept:
      - "*/*"
  response:
    status:
      code: 200
      message: OK
    headers:
      Server:
      - Cowboy
      Date:
      - Sat, 17 Apr 2021 23:32:19 GMT
      Connection:
      - keep-alive
      Content-Type:
      - application/json; charset=utf-8
      Etag:
      - W/"8d9ab26e90ae744ccf5ff40fc772b988"
      Cache-Control:
      - max-age=0, private, must-revalidate
      X-Request-Id:
      - 3373fcc4-ee9b-47a5-b3f0-ecfd365c61d2
      X-Runtime:
      - '0.056450'
      Transfer-Encoding:
      - chunked
      Via:
      - 1.1 vegur
    body:
      encoding: UTF-8
      string: '{"data":[{"id":"27","type":"gallery","attributes":{"user_id":241,"photo_url":"fjdlkas","name":"gallery","created_at":"2021-04-17T23:32:19.321Z","updated_at":"2021-04-17T23:32:19.321Z","photo_count":0}}]}'
  recorded_at: Sat, 17 Apr 2021 23:32:19 GMT
- request:
    method: post
    uri: https://lit-atoll-80185.herokuapp.com/api/v1/profiles/241/galleries/27/photos?description=description&url=url
    body:
      encoding: UTF-8
      string: ''
    headers:
      User-Agent:
      - Faraday v1.3.0
      Content-Length:
      - '0'
      Accept-Encoding:
      - gzip;q=1.0,deflate;q=0.6,identity;q=0.3
      Accept:
      - "*/*"
  response:
    status:
      code: 201
      message: Created
    headers:
      Server:
      - Cowboy
      Date:
      - Sat, 17 Apr 2021 23:32:19 GMT
      Connection:
      - keep-alive
      Content-Type:
      - application/json; charset=utf-8
      Etag:
      - W/"e9f182fcd88f2adf9d1cff4b3b9568da"
      Cache-Control:
      - max-age=0, private, must-revalidate
      X-Request-Id:
      - 97c0bf18-3884-4ded-8154-faa320fc3b9d
      X-Runtime:
      - '0.169639'
      Transfer-Encoding:
      - chunked
      Via:
      - 1.1 vegur
    body:
      encoding: UTF-8
      string: '{"data":"photo created successfully"}'
  recorded_at: Sat, 17 Apr 2021 23:32:19 GMT
- request:
    method: post
    uri: https://lit-atoll-80185.herokuapp.com/api/v1/profiles?profile_picture=spec/fixtures/fluff.jpg&user_id=280&username=la&zipcode=80000
    body:
      encoding: UTF-8
      string: ''
    headers:
      User-Agent:
      - Faraday v1.3.0
      Content-Length:
      - '0'
      Accept-Encoding:
      - gzip;q=1.0,deflate;q=0.6,identity;q=0.3
      Accept:
      - "*/*"
  response:
    status:
      code: 400
      message: Bad Request
    headers:
      Server:
      - Cowboy
      Date:
      - Sat, 17 Apr 2021 23:35:28 GMT
      Connection:
      - keep-alive
      Content-Type:
      - application/json; charset=utf-8
      Cache-Control:
      - no-cache
      X-Request-Id:
      - 439594ae-d7fa-47cf-9959-7c38693b62fc
      X-Runtime:
      - '0.015455'
      Transfer-Encoding:
      - chunked
      Via:
      - 1.1 vegur
    body:
      encoding: UTF-8
      string: '{"data":{},"error":"invalid parameters"}'
  recorded_at: Sat, 17 Apr 2021 23:35:28 GMT
- request:
    method: post
    uri: https://lit-atoll-80185.herokuapp.com/api/v1/profiles/280/galleries?name=gallery&photo_url=fjdlkas&user_id=280
    body:
      encoding: UTF-8
      string: ''
    headers:
      User-Agent:
      - Faraday v1.3.0
      Content-Length:
      - '0'
      Accept-Encoding:
      - gzip;q=1.0,deflate;q=0.6,identity;q=0.3
      Accept:
      - "*/*"
  response:
    status:
      code: 201
      message: Created
    headers:
      Server:
      - Cowboy
      Date:
      - Sat, 17 Apr 2021 23:35:28 GMT
      Connection:
      - keep-alive
      Content-Type:
      - application/json; charset=utf-8
      Etag:
      - W/"29a842188592ee0ff9e2a4059edd680c"
      Cache-Control:
      - max-age=0, private, must-revalidate
      X-Request-Id:
      - b6ce360b-6f7c-464a-ad1f-a698e7557df7
      X-Runtime:
      - '0.034757'
      Transfer-Encoding:
      - chunked
      Via:
      - 1.1 vegur
    body:
      encoding: UTF-8
      string: '{"data":"gallery created successfully"}'
  recorded_at: Sat, 17 Apr 2021 23:35:28 GMT
- request:
    method: get
    uri: https://lit-atoll-80185.herokuapp.com/api/v1/profiles/280/galleries
    body:
      encoding: US-ASCII
      string: ''
    headers:
      User-Agent:
      - Faraday v1.3.0
      Accept-Encoding:
      - gzip;q=1.0,deflate;q=0.6,identity;q=0.3
      Accept:
      - "*/*"
  response:
    status:
      code: 200
      message: OK
    headers:
      Server:
      - Cowboy
      Date:
      - Sat, 17 Apr 2021 23:35:28 GMT
      Connection:
      - keep-alive
      Content-Type:
      - application/json; charset=utf-8
      Etag:
      - W/"be97669785c0e86f904f47356b48237b"
      Cache-Control:
      - max-age=0, private, must-revalidate
      X-Request-Id:
      - 48bc169a-349b-44bd-96d4-f9fc55be39c6
      X-Runtime:
      - '0.017962'
      Transfer-Encoding:
      - chunked
      Via:
      - 1.1 vegur
    body:
      encoding: UTF-8
      string: '{"data":[{"id":"29","type":"gallery","attributes":{"user_id":280,"photo_url":"fjdlkas","name":"gallery","created_at":"2021-04-17T23:35:28.817Z","updated_at":"2021-04-17T23:35:28.817Z","photo_count":0}}]}'
  recorded_at: Sat, 17 Apr 2021 23:35:28 GMT
- request:
    method: post
    uri: https://lit-atoll-80185.herokuapp.com/api/v1/profiles/280/galleries/29/photos?description=description&url=url
    body:
      encoding: UTF-8
      string: ''
    headers:
      User-Agent:
      - Faraday v1.3.0
      Content-Length:
      - '0'
      Accept-Encoding:
      - gzip;q=1.0,deflate;q=0.6,identity;q=0.3
      Accept:
      - "*/*"
  response:
    status:
      code: 201
      message: Created
    headers:
      Server:
      - Cowboy
      Date:
      - Sat, 17 Apr 2021 23:35:28 GMT
      Connection:
      - keep-alive
      Content-Type:
      - application/json; charset=utf-8
      Etag:
      - W/"e9f182fcd88f2adf9d1cff4b3b9568da"
      Cache-Control:
      - max-age=0, private, must-revalidate
      X-Request-Id:
      - acf99715-47b5-44a2-81e4-85c898c7d3ad
      X-Runtime:
      - '0.037630'
      Transfer-Encoding:
      - chunked
      Via:
      - 1.1 vegur
    body:
      encoding: UTF-8
      string: '{"data":"photo created successfully"}'
  recorded_at: Sat, 17 Apr 2021 23:35:29 GMT
- request:
    method: post
    uri: https://lit-atoll-80185.herokuapp.com/api/v1/profiles?profile_picture=spec/fixtures/fluff.jpg&user_id=319&username=la&zipcode=80000
    body:
      encoding: UTF-8
      string: ''
    headers:
      User-Agent:
      - Faraday v1.3.0
      Content-Length:
      - '0'
      Accept-Encoding:
      - gzip;q=1.0,deflate;q=0.6,identity;q=0.3
      Accept:
      - "*/*"
  response:
    status:
      code: 400
      message: Bad Request
    headers:
      Server:
      - Cowboy
      Date:
      - Sat, 17 Apr 2021 23:35:42 GMT
      Connection:
      - keep-alive
      Content-Type:
      - application/json; charset=utf-8
      Cache-Control:
      - no-cache
      X-Request-Id:
      - be452b69-3f9d-4b70-9157-0299e25c3ee9
      X-Runtime:
      - '0.071657'
      Transfer-Encoding:
      - chunked
      Via:
      - 1.1 vegur
    body:
      encoding: UTF-8
      string: '{"data":{},"error":"invalid parameters"}'
  recorded_at: Sat, 17 Apr 2021 23:35:43 GMT
- request:
    method: post
    uri: https://lit-atoll-80185.herokuapp.com/api/v1/profiles/319/galleries?name=gallery&photo_url=fjdlkas&user_id=319
    body:
      encoding: UTF-8
      string: ''
    headers:
      User-Agent:
      - Faraday v1.3.0
      Content-Length:
      - '0'
      Accept-Encoding:
      - gzip;q=1.0,deflate;q=0.6,identity;q=0.3
      Accept:
      - "*/*"
  response:
    status:
      code: 201
      message: Created
    headers:
      Server:
      - Cowboy
      Date:
      - Sat, 17 Apr 2021 23:35:43 GMT
      Connection:
      - keep-alive
      Content-Type:
      - application/json; charset=utf-8
      Etag:
      - W/"29a842188592ee0ff9e2a4059edd680c"
      Cache-Control:
      - max-age=0, private, must-revalidate
      X-Request-Id:
      - 804de566-e645-4fdb-8be0-4f337f7dfdb2
      X-Runtime:
      - '0.044808'
      Transfer-Encoding:
      - chunked
      Via:
      - 1.1 vegur
    body:
      encoding: UTF-8
      string: '{"data":"gallery created successfully"}'
  recorded_at: Sat, 17 Apr 2021 23:35:43 GMT
- request:
    method: get
    uri: https://lit-atoll-80185.herokuapp.com/api/v1/profiles/319/galleries
    body:
      encoding: US-ASCII
      string: ''
    headers:
      User-Agent:
      - Faraday v1.3.0
      Accept-Encoding:
      - gzip;q=1.0,deflate;q=0.6,identity;q=0.3
      Accept:
      - "*/*"
  response:
    status:
      code: 200
      message: OK
    headers:
      Server:
      - Cowboy
      Date:
      - Sat, 17 Apr 2021 23:35:43 GMT
      Connection:
      - keep-alive
      Content-Type:
      - application/json; charset=utf-8
      Etag:
      - W/"b55ae3efb4a4a209f335901330894c07"
      Cache-Control:
      - max-age=0, private, must-revalidate
      X-Request-Id:
      - 76f85d1b-a380-4f8d-8a1c-eaf4eb7dfeb7
      X-Runtime:
      - '0.026334'
      Transfer-Encoding:
      - chunked
      Via:
      - 1.1 vegur
    body:
      encoding: UTF-8
      string: '{"data":[{"id":"31","type":"gallery","attributes":{"user_id":319,"photo_url":"fjdlkas","name":"gallery","created_at":"2021-04-17T23:35:43.678Z","updated_at":"2021-04-17T23:35:43.678Z","photo_count":0}}]}'
  recorded_at: Sat, 17 Apr 2021 23:35:43 GMT
- request:
    method: post
    uri: https://lit-atoll-80185.herokuapp.com/api/v1/profiles/319/galleries/31/photos?description=description&url=url
    body:
      encoding: UTF-8
      string: ''
    headers:
      User-Agent:
      - Faraday v1.3.0
      Content-Length:
      - '0'
      Accept-Encoding:
      - gzip;q=1.0,deflate;q=0.6,identity;q=0.3
      Accept:
      - "*/*"
  response:
    status:
      code: 201
      message: Created
    headers:
      Server:
      - Cowboy
      Date:
      - Sat, 17 Apr 2021 23:35:43 GMT
      Connection:
      - keep-alive
      Content-Type:
      - application/json; charset=utf-8
      Etag:
      - W/"e9f182fcd88f2adf9d1cff4b3b9568da"
      Cache-Control:
      - max-age=0, private, must-revalidate
      X-Request-Id:
      - b9714bb9-16ed-4f5d-9336-c770f8e7836f
      X-Runtime:
      - '0.043739'
      Transfer-Encoding:
      - chunked
      Via:
      - 1.1 vegur
    body:
      encoding: UTF-8
      string: '{"data":"photo created successfully"}'
  recorded_at: Sat, 17 Apr 2021 23:35:44 GMT
- request:
    method: post
    uri: https://lit-atoll-80185.herokuapp.com/api/v1/profiles?profile_picture=spec/fixtures/fluff.jpg&user_id=358&username=la&zipcode=80000
    body:
      encoding: UTF-8
      string: ''
    headers:
      User-Agent:
      - Faraday v1.3.0
      Content-Length:
      - '0'
      Accept-Encoding:
      - gzip;q=1.0,deflate;q=0.6,identity;q=0.3
      Accept:
      - "*/*"
  response:
    status:
      code: 400
      message: Bad Request
    headers:
      Server:
      - Cowboy
      Date:
      - Sat, 17 Apr 2021 23:36:29 GMT
      Connection:
      - keep-alive
      Content-Type:
      - application/json; charset=utf-8
      Cache-Control:
      - no-cache
      X-Request-Id:
      - 765163e6-f748-487a-89cd-052b64c4fee4
      X-Runtime:
      - '0.061961'
      Transfer-Encoding:
      - chunked
      Via:
      - 1.1 vegur
    body:
      encoding: UTF-8
      string: '{"data":{},"error":"invalid parameters"}'
  recorded_at: Sat, 17 Apr 2021 23:36:29 GMT
- request:
    method: post
    uri: https://lit-atoll-80185.herokuapp.com/api/v1/profiles/358/galleries?name=gallery&photo_url=fjdlkas&user_id=358
    body:
      encoding: UTF-8
      string: ''
    headers:
      User-Agent:
      - Faraday v1.3.0
      Content-Length:
      - '0'
      Accept-Encoding:
      - gzip;q=1.0,deflate;q=0.6,identity;q=0.3
      Accept:
      - "*/*"
  response:
    status:
      code: 201
      message: Created
    headers:
      Server:
      - Cowboy
      Date:
      - Sat, 17 Apr 2021 23:36:29 GMT
      Connection:
      - keep-alive
      Content-Type:
      - application/json; charset=utf-8
      Etag:
      - W/"29a842188592ee0ff9e2a4059edd680c"
      Cache-Control:
      - max-age=0, private, must-revalidate
      X-Request-Id:
      - 489fcbb5-b995-43d3-a8ab-b8a8fbe84302
      X-Runtime:
      - '0.038173'
      Transfer-Encoding:
      - chunked
      Via:
      - 1.1 vegur
    body:
      encoding: UTF-8
      string: '{"data":"gallery created successfully"}'
  recorded_at: Sat, 17 Apr 2021 23:36:29 GMT
- request:
    method: get
    uri: https://lit-atoll-80185.herokuapp.com/api/v1/profiles/358/galleries
    body:
      encoding: US-ASCII
      string: ''
    headers:
      User-Agent:
      - Faraday v1.3.0
      Accept-Encoding:
      - gzip;q=1.0,deflate;q=0.6,identity;q=0.3
      Accept:
      - "*/*"
  response:
    status:
      code: 200
      message: OK
    headers:
      Server:
      - Cowboy
      Date:
      - Sat, 17 Apr 2021 23:36:29 GMT
      Connection:
      - keep-alive
      Content-Type:
      - application/json; charset=utf-8
      Etag:
      - W/"8bd060de98c3a01dc19686313a36345d"
      Cache-Control:
      - max-age=0, private, must-revalidate
      X-Request-Id:
      - 39fccd58-2d00-4e96-ae52-4cfd09196805
      X-Runtime:
      - '0.020071'
      Transfer-Encoding:
      - chunked
      Via:
      - 1.1 vegur
    body:
      encoding: UTF-8
      string: '{"data":[{"id":"33","type":"gallery","attributes":{"user_id":358,"photo_url":"fjdlkas","name":"gallery","created_at":"2021-04-17T23:36:30.091Z","updated_at":"2021-04-17T23:36:30.091Z","photo_count":0}}]}'
  recorded_at: Sat, 17 Apr 2021 23:36:30 GMT
- request:
    method: post
    uri: https://lit-atoll-80185.herokuapp.com/api/v1/profiles/358/galleries/33/photos?description=description&url=url
    body:
      encoding: UTF-8
      string: ''
    headers:
      User-Agent:
      - Faraday v1.3.0
      Content-Length:
      - '0'
      Accept-Encoding:
      - gzip;q=1.0,deflate;q=0.6,identity;q=0.3
      Accept:
      - "*/*"
  response:
    status:
      code: 201
      message: Created
    headers:
      Server:
      - Cowboy
      Date:
      - Sat, 17 Apr 2021 23:36:30 GMT
      Connection:
      - keep-alive
      Content-Type:
      - application/json; charset=utf-8
      Etag:
      - W/"e9f182fcd88f2adf9d1cff4b3b9568da"
      Cache-Control:
      - max-age=0, private, must-revalidate
      X-Request-Id:
      - feac2906-7c5b-47bb-8850-d0bf5e832364
      X-Runtime:
      - '0.061395'
      Transfer-Encoding:
      - chunked
      Via:
      - 1.1 vegur
    body:
      encoding: UTF-8
      string: '{"data":"photo created successfully"}'
  recorded_at: Sat, 17 Apr 2021 23:36:30 GMT
- request:
    method: post
    uri: https://lit-atoll-80185.herokuapp.com/api/v1/profiles?profile_picture=spec/fixtures/fluff.jpg&user_id=397&username=la&zipcode=80000
    body:
      encoding: UTF-8
      string: ''
    headers:
      User-Agent:
      - Faraday v1.3.0
      Content-Length:
      - '0'
      Accept-Encoding:
      - gzip;q=1.0,deflate;q=0.6,identity;q=0.3
      Accept:
      - "*/*"
  response:
    status:
      code: 400
      message: Bad Request
    headers:
      Server:
      - Cowboy
      Date:
      - Sat, 17 Apr 2021 23:36:41 GMT
      Connection:
      - keep-alive
      Content-Type:
      - application/json; charset=utf-8
      Cache-Control:
      - no-cache
      X-Request-Id:
      - 1d0ce7ea-aef4-4fb8-8acf-6925cedf2389
      X-Runtime:
      - '0.035366'
      Transfer-Encoding:
      - chunked
      Via:
      - 1.1 vegur
    body:
      encoding: UTF-8
      string: '{"data":{},"error":"invalid parameters"}'
  recorded_at: Sat, 17 Apr 2021 23:36:41 GMT
- request:
    method: post
    uri: https://lit-atoll-80185.herokuapp.com/api/v1/profiles/397/galleries?name=gallery&photo_url=fjdlkas&user_id=397
    body:
      encoding: UTF-8
      string: ''
    headers:
      User-Agent:
      - Faraday v1.3.0
      Content-Length:
      - '0'
      Accept-Encoding:
      - gzip;q=1.0,deflate;q=0.6,identity;q=0.3
      Accept:
      - "*/*"
  response:
    status:
      code: 201
      message: Created
    headers:
      Server:
      - Cowboy
      Date:
      - Sat, 17 Apr 2021 23:36:41 GMT
      Connection:
      - keep-alive
      Content-Type:
      - application/json; charset=utf-8
      Etag:
      - W/"29a842188592ee0ff9e2a4059edd680c"
      Cache-Control:
      - max-age=0, private, must-revalidate
      X-Request-Id:
      - 85ba49ee-4fab-48f4-b17e-9befc314ea3d
      X-Runtime:
      - '0.036204'
      Transfer-Encoding:
      - chunked
      Via:
      - 1.1 vegur
    body:
      encoding: UTF-8
      string: '{"data":"gallery created successfully"}'
  recorded_at: Sat, 17 Apr 2021 23:36:41 GMT
- request:
    method: get
    uri: https://lit-atoll-80185.herokuapp.com/api/v1/profiles/397/galleries
    body:
      encoding: US-ASCII
      string: ''
    headers:
      User-Agent:
      - Faraday v1.3.0
      Accept-Encoding:
      - gzip;q=1.0,deflate;q=0.6,identity;q=0.3
      Accept:
      - "*/*"
  response:
    status:
      code: 200
      message: OK
    headers:
      Server:
      - Cowboy
      Date:
      - Sat, 17 Apr 2021 23:36:41 GMT
      Connection:
      - keep-alive
      Content-Type:
      - application/json; charset=utf-8
      Etag:
      - W/"1c4822cfb5864b5acf1d7ba187d7c950"
      Cache-Control:
      - max-age=0, private, must-revalidate
      X-Request-Id:
      - 59f9f0c2-029a-4d1f-a6f5-c4b9c5d28d74
      X-Runtime:
      - '0.016297'
      Transfer-Encoding:
      - chunked
      Via:
      - 1.1 vegur
    body:
      encoding: UTF-8
      string: '{"data":[{"id":"35","type":"gallery","attributes":{"user_id":397,"photo_url":"fjdlkas","name":"gallery","created_at":"2021-04-17T23:36:42.021Z","updated_at":"2021-04-17T23:36:42.021Z","photo_count":0}}]}'
  recorded_at: Sat, 17 Apr 2021 23:36:42 GMT
- request:
    method: post
    uri: https://lit-atoll-80185.herokuapp.com/api/v1/profiles/397/galleries/35/photos?description=description&url=url
    body:
      encoding: UTF-8
      string: ''
    headers:
      User-Agent:
      - Faraday v1.3.0
      Content-Length:
      - '0'
      Accept-Encoding:
      - gzip;q=1.0,deflate;q=0.6,identity;q=0.3
      Accept:
      - "*/*"
  response:
    status:
      code: 201
      message: Created
    headers:
      Server:
      - Cowboy
      Date:
      - Sat, 17 Apr 2021 23:36:41 GMT
      Connection:
      - keep-alive
      Content-Type:
      - application/json; charset=utf-8
      Etag:
      - W/"e9f182fcd88f2adf9d1cff4b3b9568da"
      Cache-Control:
      - max-age=0, private, must-revalidate
      X-Request-Id:
      - b43783c2-9c45-4782-9986-708ec875e5a9
      X-Runtime:
      - '0.046018'
      Transfer-Encoding:
      - chunked
      Via:
      - 1.1 vegur
    body:
      encoding: UTF-8
      string: '{"data":"photo created successfully"}'
  recorded_at: Sat, 17 Apr 2021 23:36:42 GMT
- request:
    method: post
    uri: https://lit-atoll-80185.herokuapp.com/api/v1/profiles?profile_picture=spec/fixtures/fluff.jpg&user_id=436&username=la&zipcode=80000
    body:
      encoding: UTF-8
      string: ''
    headers:
      User-Agent:
      - Faraday v1.3.0
      Content-Length:
      - '0'
      Accept-Encoding:
      - gzip;q=1.0,deflate;q=0.6,identity;q=0.3
      Accept:
      - "*/*"
  response:
    status:
      code: 201
      message: Created
    headers:
      Server:
      - Cowboy
      Date:
      - Sat, 17 Apr 2021 23:37:00 GMT
      Connection:
      - keep-alive
      Content-Type:
      - application/json; charset=utf-8
      Etag:
      - W/"8f7fc60752a9e15e49c51adc89963144"
      Cache-Control:
      - max-age=0, private, must-revalidate
      X-Request-Id:
      - da8906a3-cb36-4e5a-b2ae-09064f9064fc
      X-Runtime:
      - '0.043851'
      Transfer-Encoding:
      - chunked
      Via:
      - 1.1 vegur
    body:
      encoding: UTF-8
      string: '{"data":"profile created successfully"}'
  recorded_at: Sat, 17 Apr 2021 23:37:00 GMT
- request:
    method: post
    uri: https://lit-atoll-80185.herokuapp.com/api/v1/profiles/436/galleries?name=gallery&photo_url=fjdlkas&user_id=436
    body:
      encoding: UTF-8
      string: ''
    headers:
      User-Agent:
      - Faraday v1.3.0
      Content-Length:
      - '0'
      Accept-Encoding:
      - gzip;q=1.0,deflate;q=0.6,identity;q=0.3
      Accept:
      - "*/*"
  response:
    status:
      code: 201
      message: Created
    headers:
      Server:
      - Cowboy
      Date:
      - Sat, 17 Apr 2021 23:37:00 GMT
      Connection:
      - keep-alive
      Content-Type:
      - application/json; charset=utf-8
      Etag:
      - W/"29a842188592ee0ff9e2a4059edd680c"
      Cache-Control:
      - max-age=0, private, must-revalidate
      X-Request-Id:
      - dbc0f33f-b26f-4c41-ab07-bb05871f3280
      X-Runtime:
      - '0.021168'
      Transfer-Encoding:
      - chunked
      Via:
      - 1.1 vegur
    body:
      encoding: UTF-8
      string: '{"data":"gallery created successfully"}'
  recorded_at: Sat, 17 Apr 2021 23:37:00 GMT
- request:
    method: get
    uri: https://lit-atoll-80185.herokuapp.com/api/v1/profiles/436/galleries
    body:
      encoding: US-ASCII
      string: ''
    headers:
      User-Agent:
      - Faraday v1.3.0
      Accept-Encoding:
      - gzip;q=1.0,deflate;q=0.6,identity;q=0.3
      Accept:
      - "*/*"
  response:
    status:
      code: 200
      message: OK
    headers:
      Server:
      - Cowboy
      Date:
      - Sat, 17 Apr 2021 23:37:00 GMT
      Connection:
      - keep-alive
      Content-Type:
      - application/json; charset=utf-8
      Etag:
      - W/"a6c5cdd810ede579e47e128f9d80da94"
      Cache-Control:
      - max-age=0, private, must-revalidate
      X-Request-Id:
      - 494038ed-4ae4-4a4b-9d9e-3ffb2f4b05d6
      X-Runtime:
      - '0.028136'
      Transfer-Encoding:
      - chunked
      Via:
      - 1.1 vegur
    body:
      encoding: UTF-8
      string: '{"data":[{"id":"37","type":"gallery","attributes":{"user_id":436,"photo_url":"fjdlkas","name":"gallery","created_at":"2021-04-17T23:37:00.920Z","updated_at":"2021-04-17T23:37:00.920Z","photo_count":0}}]}'
  recorded_at: Sat, 17 Apr 2021 23:37:01 GMT
- request:
    method: post
    uri: https://lit-atoll-80185.herokuapp.com/api/v1/profiles/436/galleries/37/photos?description=description&url=url
    body:
      encoding: UTF-8
      string: ''
    headers:
      User-Agent:
      - Faraday v1.3.0
      Content-Length:
      - '0'
      Accept-Encoding:
      - gzip;q=1.0,deflate;q=0.6,identity;q=0.3
      Accept:
      - "*/*"
  response:
    status:
      code: 201
      message: Created
    headers:
      Server:
      - Cowboy
      Date:
      - Sat, 17 Apr 2021 23:37:01 GMT
      Connection:
      - keep-alive
      Content-Type:
      - application/json; charset=utf-8
      Etag:
      - W/"e9f182fcd88f2adf9d1cff4b3b9568da"
      Cache-Control:
      - max-age=0, private, must-revalidate
      X-Request-Id:
      - e4edb7d3-9980-4926-a7b9-7cd873078c1f
      X-Runtime:
      - '0.053044'
      Transfer-Encoding:
      - chunked
      Via:
      - 1.1 vegur
    body:
      encoding: UTF-8
      string: '{"data":"photo created successfully"}'
  recorded_at: Sat, 17 Apr 2021 23:37:01 GMT
- request:
    method: post
    uri: https://lit-atoll-80185.herokuapp.com/api/v1/profiles?profile_picture=spec/fixtures/fluff.jpg&user_id=475&username=la&zipcode=80000
    body:
      encoding: UTF-8
      string: ''
    headers:
      User-Agent:
      - Faraday v1.3.0
      Content-Length:
      - '0'
      Accept-Encoding:
      - gzip;q=1.0,deflate;q=0.6,identity;q=0.3
      Accept:
      - "*/*"
  response:
    status:
      code: 201
      message: Created
    headers:
      Server:
      - Cowboy
      Date:
      - Sat, 17 Apr 2021 23:37:12 GMT
      Connection:
      - keep-alive
      Content-Type:
      - application/json; charset=utf-8
      Etag:
      - W/"8f7fc60752a9e15e49c51adc89963144"
      Cache-Control:
      - max-age=0, private, must-revalidate
      X-Request-Id:
      - f2034405-21b2-47c2-99ca-ca3d76d4241f
      X-Runtime:
      - '0.052135'
      Transfer-Encoding:
      - chunked
      Via:
      - 1.1 vegur
    body:
      encoding: UTF-8
      string: '{"data":"profile created successfully"}'
  recorded_at: Sat, 17 Apr 2021 23:37:13 GMT
- request:
    method: post
    uri: https://lit-atoll-80185.herokuapp.com/api/v1/profiles/475/galleries?name=gallery&photo_url=fjdlkas&user_id=475
    body:
      encoding: UTF-8
      string: ''
    headers:
      User-Agent:
      - Faraday v1.3.0
      Content-Length:
      - '0'
      Accept-Encoding:
      - gzip;q=1.0,deflate;q=0.6,identity;q=0.3
      Accept:
      - "*/*"
  response:
    status:
      code: 201
      message: Created
    headers:
      Server:
      - Cowboy
      Date:
      - Sat, 17 Apr 2021 23:37:13 GMT
      Connection:
      - keep-alive
      Content-Type:
      - application/json; charset=utf-8
      Etag:
      - W/"29a842188592ee0ff9e2a4059edd680c"
      Cache-Control:
      - max-age=0, private, must-revalidate
      X-Request-Id:
      - 1ec65146-39bb-4bd6-9a41-1a19aa731e5e
      X-Runtime:
      - '0.052336'
      Transfer-Encoding:
      - chunked
      Via:
      - 1.1 vegur
    body:
      encoding: UTF-8
      string: '{"data":"gallery created successfully"}'
  recorded_at: Sat, 17 Apr 2021 23:37:13 GMT
- request:
    method: get
    uri: https://lit-atoll-80185.herokuapp.com/api/v1/profiles/475/galleries
    body:
      encoding: US-ASCII
      string: ''
    headers:
      User-Agent:
      - Faraday v1.3.0
      Accept-Encoding:
      - gzip;q=1.0,deflate;q=0.6,identity;q=0.3
      Accept:
      - "*/*"
  response:
    status:
      code: 200
      message: OK
    headers:
      Server:
      - Cowboy
      Date:
      - Sat, 17 Apr 2021 23:37:14 GMT
      Connection:
      - keep-alive
      Content-Type:
      - application/json; charset=utf-8
      Etag:
      - W/"325f9319cf74083ad5e393db84829573"
      Cache-Control:
      - max-age=0, private, must-revalidate
      X-Request-Id:
      - c14ebdec-1cfb-4aa5-8908-ecfd2064b68d
      X-Runtime:
      - '0.031882'
      Transfer-Encoding:
      - chunked
      Via:
      - 1.1 vegur
    body:
      encoding: UTF-8
      string: '{"data":[{"id":"39","type":"gallery","attributes":{"user_id":475,"photo_url":"fjdlkas","name":"gallery","created_at":"2021-04-17T23:37:13.907Z","updated_at":"2021-04-17T23:37:13.907Z","photo_count":0}}]}'
  recorded_at: Sat, 17 Apr 2021 23:37:14 GMT
- request:
    method: post
    uri: https://lit-atoll-80185.herokuapp.com/api/v1/profiles/475/galleries/39/photos?description=description&url=url
    body:
      encoding: UTF-8
      string: ''
    headers:
      User-Agent:
      - Faraday v1.3.0
      Content-Length:
      - '0'
      Accept-Encoding:
      - gzip;q=1.0,deflate;q=0.6,identity;q=0.3
      Accept:
      - "*/*"
  response:
    status:
      code: 201
      message: Created
    headers:
      Server:
      - Cowboy
      Date:
      - Sat, 17 Apr 2021 23:37:14 GMT
      Connection:
      - keep-alive
      Content-Type:
      - application/json; charset=utf-8
      Etag:
      - W/"e9f182fcd88f2adf9d1cff4b3b9568da"
      Cache-Control:
      - max-age=0, private, must-revalidate
      X-Request-Id:
      - 6d6aa5bb-dcc0-4667-863c-38c84c5bda68
      X-Runtime:
      - '0.046629'
      Transfer-Encoding:
      - chunked
      Via:
      - 1.1 vegur
    body:
      encoding: UTF-8
      string: '{"data":"photo created successfully"}'
  recorded_at: Sat, 17 Apr 2021 23:37:14 GMT
- request:
    method: post
    uri: https://lit-atoll-80185.herokuapp.com/api/v1/profiles?profile_picture=spec/fixtures/fluff.jpg&user_id=514&username=la&zipcode=80000
    body:
      encoding: UTF-8
      string: ''
    headers:
      User-Agent:
      - Faraday v1.3.0
      Content-Length:
      - '0'
      Accept-Encoding:
      - gzip;q=1.0,deflate;q=0.6,identity;q=0.3
      Accept:
      - "*/*"
  response:
    status:
      code: 201
      message: Created
    headers:
      Server:
      - Cowboy
      Date:
      - Sat, 17 Apr 2021 23:37:29 GMT
      Connection:
      - keep-alive
      Content-Type:
      - application/json; charset=utf-8
      Etag:
      - W/"8f7fc60752a9e15e49c51adc89963144"
      Cache-Control:
      - max-age=0, private, must-revalidate
      X-Request-Id:
      - 92cec4fd-c2ee-43c1-88ad-42a424aad339
      X-Runtime:
      - '0.115133'
      Transfer-Encoding:
      - chunked
      Via:
      - 1.1 vegur
    body:
      encoding: UTF-8
      string: '{"data":"profile created successfully"}'
  recorded_at: Sat, 17 Apr 2021 23:37:30 GMT
- request:
    method: post
    uri: https://lit-atoll-80185.herokuapp.com/api/v1/profiles/514/galleries?name=gallery&photo_url=fjdlkas&user_id=514
    body:
      encoding: UTF-8
      string: ''
    headers:
      User-Agent:
      - Faraday v1.3.0
      Content-Length:
      - '0'
      Accept-Encoding:
      - gzip;q=1.0,deflate;q=0.6,identity;q=0.3
      Accept:
      - "*/*"
  response:
    status:
      code: 201
      message: Created
    headers:
      Server:
      - Cowboy
      Date:
      - Sat, 17 Apr 2021 23:37:30 GMT
      Connection:
      - keep-alive
      Content-Type:
      - application/json; charset=utf-8
      Etag:
      - W/"29a842188592ee0ff9e2a4059edd680c"
      Cache-Control:
      - max-age=0, private, must-revalidate
      X-Request-Id:
      - 1116f0ec-2de7-4433-a06b-ee23734f67a7
      X-Runtime:
      - '0.044274'
      Transfer-Encoding:
      - chunked
      Via:
      - 1.1 vegur
    body:
      encoding: UTF-8
      string: '{"data":"gallery created successfully"}'
  recorded_at: Sat, 17 Apr 2021 23:37:30 GMT
- request:
    method: get
    uri: https://lit-atoll-80185.herokuapp.com/api/v1/profiles/514/galleries
    body:
      encoding: US-ASCII
      string: ''
    headers:
      User-Agent:
      - Faraday v1.3.0
      Accept-Encoding:
      - gzip;q=1.0,deflate;q=0.6,identity;q=0.3
      Accept:
      - "*/*"
  response:
    status:
      code: 200
      message: OK
    headers:
      Server:
      - Cowboy
      Date:
      - Sat, 17 Apr 2021 23:37:30 GMT
      Connection:
      - keep-alive
      Content-Type:
      - application/json; charset=utf-8
      Etag:
      - W/"2c80c2845274c296095817da2dd947b0"
      Cache-Control:
      - max-age=0, private, must-revalidate
      X-Request-Id:
      - 42e31f18-4609-4dc0-91ea-8e8cca44756d
      X-Runtime:
      - '0.016161'
      Transfer-Encoding:
      - chunked
      Via:
      - 1.1 vegur
    body:
      encoding: UTF-8
      string: '{"data":[{"id":"41","type":"gallery","attributes":{"user_id":514,"photo_url":"fjdlkas","name":"gallery","created_at":"2021-04-17T23:37:30.652Z","updated_at":"2021-04-17T23:37:30.652Z","photo_count":0}}]}'
  recorded_at: Sat, 17 Apr 2021 23:37:31 GMT
- request:
    method: post
    uri: https://lit-atoll-80185.herokuapp.com/api/v1/profiles/514/galleries/41/photos?description=description&url=url
    body:
      encoding: UTF-8
      string: ''
    headers:
      User-Agent:
      - Faraday v1.3.0
      Content-Length:
      - '0'
      Accept-Encoding:
      - gzip;q=1.0,deflate;q=0.6,identity;q=0.3
      Accept:
      - "*/*"
  response:
    status:
      code: 201
      message: Created
    headers:
      Server:
      - Cowboy
      Date:
      - Sat, 17 Apr 2021 23:37:30 GMT
      Connection:
      - keep-alive
      Content-Type:
      - application/json; charset=utf-8
      Etag:
      - W/"e9f182fcd88f2adf9d1cff4b3b9568da"
      Cache-Control:
      - max-age=0, private, must-revalidate
      X-Request-Id:
      - 3d1c1fe9-1782-4540-a5bc-a91c9e6ae856
      X-Runtime:
      - '0.048561'
      Transfer-Encoding:
      - chunked
      Via:
      - 1.1 vegur
    body:
      encoding: UTF-8
      string: '{"data":"photo created successfully"}'
  recorded_at: Sat, 17 Apr 2021 23:37:31 GMT
- request:
    method: post
    uri: https://lit-atoll-80185.herokuapp.com/api/v1/profiles?profile_picture=spec/fixtures/fluff.jpg&user_id=553&username=la&zipcode=80000
    body:
      encoding: UTF-8
      string: ''
    headers:
      User-Agent:
      - Faraday v1.3.0
      Content-Length:
      - '0'
      Accept-Encoding:
      - gzip;q=1.0,deflate;q=0.6,identity;q=0.3
      Accept:
      - "*/*"
  response:
    status:
      code: 400
      message: Bad Request
    headers:
      Server:
      - Cowboy
      Date:
      - Sat, 17 Apr 2021 23:37:42 GMT
      Connection:
      - keep-alive
      Content-Type:
      - application/json; charset=utf-8
      Cache-Control:
      - no-cache
      X-Request-Id:
      - baf98059-893b-4d23-a331-fd5e5006f9e1
      X-Runtime:
      - '0.035956'
      Transfer-Encoding:
      - chunked
      Via:
      - 1.1 vegur
    body:
      encoding: UTF-8
      string: '{"data":{},"error":"invalid parameters"}'
  recorded_at: Sat, 17 Apr 2021 23:37:42 GMT
- request:
    method: post
    uri: https://lit-atoll-80185.herokuapp.com/api/v1/profiles/553/galleries?name=gallery&photo_url=fjdlkas&user_id=553
    body:
      encoding: UTF-8
      string: ''
    headers:
      User-Agent:
      - Faraday v1.3.0
      Content-Length:
      - '0'
      Accept-Encoding:
      - gzip;q=1.0,deflate;q=0.6,identity;q=0.3
      Accept:
      - "*/*"
  response:
    status:
      code: 201
      message: Created
    headers:
      Server:
      - Cowboy
      Date:
      - Sat, 17 Apr 2021 23:37:41 GMT
      Connection:
      - keep-alive
      Content-Type:
      - application/json; charset=utf-8
      Etag:
      - W/"29a842188592ee0ff9e2a4059edd680c"
      Cache-Control:
      - max-age=0, private, must-revalidate
      X-Request-Id:
      - c3ee5c0c-4ef2-428e-9b71-cecf449b0c4c
      X-Runtime:
      - '0.034739'
      Transfer-Encoding:
      - chunked
      Via:
      - 1.1 vegur
    body:
      encoding: UTF-8
      string: '{"data":"gallery created successfully"}'
  recorded_at: Sat, 17 Apr 2021 23:37:42 GMT
- request:
    method: get
    uri: https://lit-atoll-80185.herokuapp.com/api/v1/profiles/553/galleries
    body:
      encoding: US-ASCII
      string: ''
    headers:
      User-Agent:
      - Faraday v1.3.0
      Accept-Encoding:
      - gzip;q=1.0,deflate;q=0.6,identity;q=0.3
      Accept:
      - "*/*"
  response:
    status:
      code: 200
      message: OK
    headers:
      Server:
      - Cowboy
      Date:
      - Sat, 17 Apr 2021 23:37:42 GMT
      Connection:
      - keep-alive
      Content-Type:
      - application/json; charset=utf-8
      Etag:
      - W/"f9f13476def51a51f5b75cb55e8bc0e1"
      Cache-Control:
      - max-age=0, private, must-revalidate
      X-Request-Id:
      - fda599b6-72e3-4e50-a739-eb205cf0df2c
      X-Runtime:
      - '0.015786'
      Transfer-Encoding:
      - chunked
      Via:
      - 1.1 vegur
    body:
      encoding: UTF-8
      string: '{"data":[{"id":"43","type":"gallery","attributes":{"user_id":553,"photo_url":"fjdlkas","name":"gallery","created_at":"2021-04-17T23:37:42.680Z","updated_at":"2021-04-17T23:37:42.680Z","photo_count":0}}]}'
  recorded_at: Sat, 17 Apr 2021 23:37:42 GMT
- request:
    method: post
    uri: https://lit-atoll-80185.herokuapp.com/api/v1/profiles/553/galleries/43/photos?description=description&url=url
    body:
      encoding: UTF-8
      string: ''
    headers:
      User-Agent:
      - Faraday v1.3.0
      Content-Length:
      - '0'
      Accept-Encoding:
      - gzip;q=1.0,deflate;q=0.6,identity;q=0.3
      Accept:
      - "*/*"
  response:
    status:
      code: 201
      message: Created
    headers:
      Server:
      - Cowboy
      Date:
      - Sat, 17 Apr 2021 23:37:42 GMT
      Connection:
      - keep-alive
      Content-Type:
      - application/json; charset=utf-8
      Etag:
      - W/"e9f182fcd88f2adf9d1cff4b3b9568da"
      Cache-Control:
      - max-age=0, private, must-revalidate
      X-Request-Id:
      - b29229aa-7471-449b-8779-cd230d0f28c8
      X-Runtime:
      - '0.057281'
      Transfer-Encoding:
      - chunked
      Via:
      - 1.1 vegur
    body:
      encoding: UTF-8
      string: '{"data":"photo created successfully"}'
  recorded_at: Sat, 17 Apr 2021 23:37:43 GMT
- request:
    method: post
    uri: https://lit-atoll-80185.herokuapp.com/api/v1/profiles?profile_picture=spec/fixtures/fluff.jpg&user_id=592&username=la&zipcode=80000
    body:
      encoding: UTF-8
      string: ''
    headers:
      User-Agent:
      - Faraday v1.3.0
      Content-Length:
      - '0'
      Accept-Encoding:
      - gzip;q=1.0,deflate;q=0.6,identity;q=0.3
      Accept:
      - "*/*"
  response:
    status:
      code: 201
      message: Created
    headers:
      Server:
      - Cowboy
      Date:
      - Sat, 17 Apr 2021 23:39:48 GMT
      Connection:
      - keep-alive
      Content-Type:
      - application/json; charset=utf-8
      Etag:
      - W/"8f7fc60752a9e15e49c51adc89963144"
      Cache-Control:
      - max-age=0, private, must-revalidate
      X-Request-Id:
      - 8fe275ce-6104-4360-8784-ca6ee458205a
      X-Runtime:
      - '0.039374'
      Transfer-Encoding:
      - chunked
      Via:
      - 1.1 vegur
    body:
      encoding: UTF-8
      string: '{"data":"profile created successfully"}'
  recorded_at: Sat, 17 Apr 2021 23:39:48 GMT
- request:
    method: post
    uri: https://lit-atoll-80185.herokuapp.com/api/v1/profiles/592/galleries?name=gallery&photo_url=fjdlkas&user_id=592
    body:
      encoding: UTF-8
      string: ''
    headers:
      User-Agent:
      - Faraday v1.3.0
      Content-Length:
      - '0'
      Accept-Encoding:
      - gzip;q=1.0,deflate;q=0.6,identity;q=0.3
      Accept:
      - "*/*"
  response:
    status:
      code: 201
      message: Created
    headers:
      Server:
      - Cowboy
      Date:
      - Sat, 17 Apr 2021 23:39:48 GMT
      Connection:
      - keep-alive
      Content-Type:
      - application/json; charset=utf-8
      Etag:
      - W/"29a842188592ee0ff9e2a4059edd680c"
      Cache-Control:
      - max-age=0, private, must-revalidate
      X-Request-Id:
      - 98314b3c-e3bb-4c29-b2f0-52d200580268
      X-Runtime:
      - '0.020418'
      Transfer-Encoding:
      - chunked
      Via:
      - 1.1 vegur
    body:
      encoding: UTF-8
      string: '{"data":"gallery created successfully"}'
  recorded_at: Sat, 17 Apr 2021 23:39:48 GMT
- request:
    method: get
    uri: https://lit-atoll-80185.herokuapp.com/api/v1/profiles/592/galleries
    body:
      encoding: US-ASCII
      string: ''
    headers:
      User-Agent:
      - Faraday v1.3.0
      Accept-Encoding:
      - gzip;q=1.0,deflate;q=0.6,identity;q=0.3
      Accept:
      - "*/*"
  response:
    status:
      code: 200
      message: OK
    headers:
      Server:
      - Cowboy
      Date:
      - Sat, 17 Apr 2021 23:39:48 GMT
      Connection:
      - keep-alive
      Content-Type:
      - application/json; charset=utf-8
      Etag:
      - W/"168ed6262743bfdaf70c90ebf30df0e3"
      Cache-Control:
      - max-age=0, private, must-revalidate
      X-Request-Id:
      - 71e235e9-2f0f-4a26-879d-f199c8d9a685
      X-Runtime:
      - '0.016610'
      Transfer-Encoding:
      - chunked
      Via:
      - 1.1 vegur
    body:
      encoding: UTF-8
      string: '{"data":[{"id":"45","type":"gallery","attributes":{"user_id":592,"photo_url":"fjdlkas","name":"gallery","created_at":"2021-04-17T23:39:49.084Z","updated_at":"2021-04-17T23:39:49.084Z","photo_count":0}}]}'
  recorded_at: Sat, 17 Apr 2021 23:39:49 GMT
- request:
    method: post
    uri: https://lit-atoll-80185.herokuapp.com/api/v1/profiles/592/galleries/45/photos?description=description&url=url
    body:
      encoding: UTF-8
      string: ''
    headers:
      User-Agent:
      - Faraday v1.3.0
      Content-Length:
      - '0'
      Accept-Encoding:
      - gzip;q=1.0,deflate;q=0.6,identity;q=0.3
      Accept:
      - "*/*"
  response:
    status:
      code: 201
      message: Created
    headers:
      Server:
      - Cowboy
      Date:
      - Sat, 17 Apr 2021 23:39:49 GMT
      Connection:
      - keep-alive
      Content-Type:
      - application/json; charset=utf-8
      Etag:
      - W/"e9f182fcd88f2adf9d1cff4b3b9568da"
      Cache-Control:
      - max-age=0, private, must-revalidate
      X-Request-Id:
      - 77b74385-efa5-4e74-823c-5367839aaad8
      X-Runtime:
      - '0.014632'
      Transfer-Encoding:
      - chunked
      Via:
      - 1.1 vegur
    body:
      encoding: UTF-8
      string: '{"data":"photo created successfully"}'
  recorded_at: Sat, 17 Apr 2021 23:39:49 GMT
- request:
    method: post
    uri: https://lit-atoll-80185.herokuapp.com/api/v1/profiles?user_id=787&zipcode=80000
    body:
      encoding: UTF-8
      string: ''
    headers:
      User-Agent:
      - Faraday v1.3.0
      Content-Length:
      - '0'
      Accept-Encoding:
      - gzip;q=1.0,deflate;q=0.6,identity;q=0.3
      Accept:
      - "*/*"
  response:
    status:
      code: 201
      message: Created
    headers:
      Server:
      - Cowboy
      Date:
      - Sun, 18 Apr 2021 16:33:14 GMT
      Connection:
      - keep-alive
      Content-Type:
      - application/json; charset=utf-8
      Etag:
      - W/"8f7fc60752a9e15e49c51adc89963144"
      Cache-Control:
      - max-age=0, private, must-revalidate
      X-Request-Id:
      - 38803b8a-de86-4bc8-a00d-4200d44feb8b
      X-Runtime:
      - '0.049311'
      Transfer-Encoding:
      - chunked
      Via:
      - 1.1 vegur
    body:
      encoding: UTF-8
      string: '{"data":"profile created successfully"}'
  recorded_at: Sun, 18 Apr 2021 16:33:15 GMT
- request:
    method: post
    uri: https://lit-atoll-80185.herokuapp.com/api/v1/profiles/787/galleries?name=gallery&photo_url=fjdlkas&user_id=787
    body:
      encoding: UTF-8
      string: ''
    headers:
      User-Agent:
      - Faraday v1.3.0
      Content-Length:
      - '0'
      Accept-Encoding:
      - gzip;q=1.0,deflate;q=0.6,identity;q=0.3
      Accept:
      - "*/*"
  response:
    status:
      code: 201
      message: Created
    headers:
      Server:
      - Cowboy
      Date:
      - Sun, 18 Apr 2021 16:33:14 GMT
      Connection:
      - keep-alive
      Content-Type:
      - application/json; charset=utf-8
      Etag:
      - W/"29a842188592ee0ff9e2a4059edd680c"
      Cache-Control:
      - max-age=0, private, must-revalidate
      X-Request-Id:
      - 38696b6d-b53f-4313-bdca-1d1955c31598
      X-Runtime:
      - '0.039305'
      Transfer-Encoding:
      - chunked
      Via:
      - 1.1 vegur
    body:
      encoding: UTF-8
      string: '{"data":"gallery created successfully"}'
  recorded_at: Sun, 18 Apr 2021 16:33:15 GMT
- request:
    method: get
    uri: https://lit-atoll-80185.herokuapp.com/api/v1/profiles/787/galleries
    body:
      encoding: US-ASCII
      string: ''
    headers:
      User-Agent:
      - Faraday v1.3.0
      Accept-Encoding:
      - gzip;q=1.0,deflate;q=0.6,identity;q=0.3
      Accept:
      - "*/*"
  response:
    status:
      code: 200
      message: OK
    headers:
      Server:
      - Cowboy
      Date:
      - Sun, 18 Apr 2021 16:33:14 GMT
      Connection:
      - keep-alive
      Content-Type:
      - application/json; charset=utf-8
      Etag:
      - W/"2d3b062f6d38a9730aeb32cbd95c7aee"
      Cache-Control:
      - max-age=0, private, must-revalidate
      X-Request-Id:
      - 1dbc89b9-fee0-489d-96ea-b0cac893b416
      X-Runtime:
      - '0.031806'
      Transfer-Encoding:
      - chunked
      Via:
      - 1.1 vegur
    body:
      encoding: UTF-8
      string: '{"data":[{"id":"54","type":"gallery","attributes":{"user_id":787,"photo_url":"fjdlkas","name":"gallery","created_at":"2021-04-18T16:33:15.389Z","updated_at":"2021-04-18T16:33:15.389Z","photo_count":0}}]}'
  recorded_at: Sun, 18 Apr 2021 16:33:15 GMT
- request:
    method: post
    uri: https://lit-atoll-80185.herokuapp.com/api/v1/profiles/787/galleries/54/photos?description=description&url=url
    body:
      encoding: UTF-8
      string: ''
    headers:
      User-Agent:
      - Faraday v1.3.0
      Content-Length:
      - '0'
      Accept-Encoding:
      - gzip;q=1.0,deflate;q=0.6,identity;q=0.3
      Accept:
      - "*/*"
  response:
    status:
      code: 201
      message: Created
    headers:
      Server:
      - Cowboy
      Date:
      - Sun, 18 Apr 2021 16:33:15 GMT
      Connection:
      - keep-alive
      Content-Type:
      - application/json; charset=utf-8
      Etag:
      - W/"e9f182fcd88f2adf9d1cff4b3b9568da"
      Cache-Control:
      - max-age=0, private, must-revalidate
      X-Request-Id:
      - a207a073-0f39-4a80-91a0-fb2e7e55f687
      X-Runtime:
      - '0.084851'
      Transfer-Encoding:
      - chunked
      Via:
      - 1.1 vegur
    body:
      encoding: UTF-8
      string: '{"data":"photo created successfully"}'
  recorded_at: Sun, 18 Apr 2021 16:33:15 GMT
- request:
    method: post
    uri: https://lit-atoll-80185.herokuapp.com/api/v1/profiles?user_id=826&zipcode=80000
    body:
      encoding: UTF-8
      string: ''
    headers:
      User-Agent:
      - Faraday v1.3.0
      Content-Length:
      - '0'
      Accept-Encoding:
      - gzip;q=1.0,deflate;q=0.6,identity;q=0.3
      Accept:
      - "*/*"
  response:
    status:
      code: 201
      message: Created
    headers:
      Server:
      - Cowboy
      Date:
      - Sun, 18 Apr 2021 16:36:35 GMT
      Connection:
      - keep-alive
      Content-Type:
      - application/json; charset=utf-8
      Etag:
      - W/"8f7fc60752a9e15e49c51adc89963144"
      Cache-Control:
      - max-age=0, private, must-revalidate
      X-Request-Id:
      - 66daf55f-4bf9-4f89-8789-495aebc548bc
      X-Runtime:
      - '0.069580'
      Transfer-Encoding:
      - chunked
      Via:
      - 1.1 vegur
    body:
      encoding: UTF-8
      string: '{"data":"profile created successfully"}'
  recorded_at: Sun, 18 Apr 2021 16:36:36 GMT
- request:
    method: post
    uri: https://lit-atoll-80185.herokuapp.com/api/v1/profiles/826/galleries?name=gallery&photo_url=fjdlkas&user_id=826
    body:
      encoding: UTF-8
      string: ''
    headers:
      User-Agent:
      - Faraday v1.3.0
      Content-Length:
      - '0'
      Accept-Encoding:
      - gzip;q=1.0,deflate;q=0.6,identity;q=0.3
      Accept:
      - "*/*"
  response:
    status:
      code: 201
      message: Created
    headers:
      Server:
      - Cowboy
      Date:
      - Sun, 18 Apr 2021 16:36:36 GMT
      Connection:
      - keep-alive
      Content-Type:
      - application/json; charset=utf-8
      Etag:
      - W/"29a842188592ee0ff9e2a4059edd680c"
      Cache-Control:
      - max-age=0, private, must-revalidate
      X-Request-Id:
      - f3201da9-c10a-400d-ac5d-5160e33a9774
      X-Runtime:
      - '0.045207'
      Transfer-Encoding:
      - chunked
      Via:
      - 1.1 vegur
    body:
      encoding: UTF-8
      string: '{"data":"gallery created successfully"}'
  recorded_at: Sun, 18 Apr 2021 16:36:36 GMT
- request:
    method: get
    uri: https://lit-atoll-80185.herokuapp.com/api/v1/profiles/826/galleries
    body:
      encoding: US-ASCII
      string: ''
    headers:
      User-Agent:
      - Faraday v1.3.0
      Accept-Encoding:
      - gzip;q=1.0,deflate;q=0.6,identity;q=0.3
      Accept:
      - "*/*"
  response:
    status:
      code: 200
      message: OK
    headers:
      Server:
      - Cowboy
      Date:
      - Sun, 18 Apr 2021 16:36:36 GMT
      Connection:
      - keep-alive
      Content-Type:
      - application/json; charset=utf-8
      Etag:
      - W/"96ce22fed55760e38c5c06e336a3c271"
      Cache-Control:
      - max-age=0, private, must-revalidate
      X-Request-Id:
      - 791ac6a1-913d-44cc-9596-dfe7664c298e
      X-Runtime:
      - '0.026966'
      Transfer-Encoding:
      - chunked
      Via:
      - 1.1 vegur
    body:
      encoding: UTF-8
      string: '{"data":[{"id":"56","type":"gallery","attributes":{"user_id":826,"photo_url":"fjdlkas","name":"gallery","created_at":"2021-04-18T16:36:37.047Z","updated_at":"2021-04-18T16:36:37.047Z","photo_count":0}}]}'
  recorded_at: Sun, 18 Apr 2021 16:36:37 GMT
- request:
    method: post
    uri: https://lit-atoll-80185.herokuapp.com/api/v1/profiles/826/galleries/56/photos?description=description&url=url
    body:
      encoding: UTF-8
      string: ''
    headers:
      User-Agent:
      - Faraday v1.3.0
      Content-Length:
      - '0'
      Accept-Encoding:
      - gzip;q=1.0,deflate;q=0.6,identity;q=0.3
      Accept:
      - "*/*"
  response:
    status:
      code: 201
      message: Created
    headers:
      Server:
      - Cowboy
      Date:
      - Sun, 18 Apr 2021 16:36:37 GMT
      Connection:
      - keep-alive
      Content-Type:
      - application/json; charset=utf-8
      Etag:
      - W/"e9f182fcd88f2adf9d1cff4b3b9568da"
      Cache-Control:
      - max-age=0, private, must-revalidate
      X-Request-Id:
      - 5013e694-259d-4612-b6fa-c83bdf3cd63f
      X-Runtime:
      - '0.036342'
      Transfer-Encoding:
      - chunked
      Via:
      - 1.1 vegur
    body:
      encoding: UTF-8
      string: '{"data":"photo created successfully"}'
  recorded_at: Sun, 18 Apr 2021 16:36:37 GMT
- request:
    method: post
    uri: https://lit-atoll-80185.herokuapp.com/api/v1/profiles?user_id=865&zipcode=80000
    body:
      encoding: UTF-8
      string: ''
    headers:
      User-Agent:
      - Faraday v1.3.0
      Content-Length:
      - '0'
      Accept-Encoding:
      - gzip;q=1.0,deflate;q=0.6,identity;q=0.3
      Accept:
      - "*/*"
  response:
    status:
      code: 201
      message: Created
    headers:
      Server:
      - Cowboy
      Date:
      - Sun, 18 Apr 2021 17:08:36 GMT
      Connection:
      - keep-alive
      Content-Type:
      - application/json; charset=utf-8
      Etag:
      - W/"8f7fc60752a9e15e49c51adc89963144"
      Cache-Control:
      - max-age=0, private, must-revalidate
      X-Request-Id:
      - 8d09a982-8df6-4ce5-ac39-0c183051fb9f
      X-Runtime:
      - '0.092379'
      Transfer-Encoding:
      - chunked
      Via:
      - 1.1 vegur
    body:
      encoding: UTF-8
      string: '{"data":"profile created successfully"}'
  recorded_at: Sun, 18 Apr 2021 17:08:36 GMT
- request:
    method: post
    uri: https://lit-atoll-80185.herokuapp.com/api/v1/profiles/865/galleries?name=gallery&photo_url=fjdlkas&user_id=865
    body:
      encoding: UTF-8
      string: ''
    headers:
      User-Agent:
      - Faraday v1.3.0
      Content-Length:
      - '0'
      Accept-Encoding:
      - gzip;q=1.0,deflate;q=0.6,identity;q=0.3
      Accept:
      - "*/*"
  response:
    status:
      code: 201
      message: Created
    headers:
      Server:
      - Cowboy
      Date:
      - Sun, 18 Apr 2021 17:08:35 GMT
      Connection:
      - keep-alive
      Content-Type:
      - application/json; charset=utf-8
      Etag:
      - W/"29a842188592ee0ff9e2a4059edd680c"
      Cache-Control:
      - max-age=0, private, must-revalidate
      X-Request-Id:
      - 92ca1faa-0a23-4ab4-a8aa-418e2dedc005
      X-Runtime:
      - '0.041154'
      Transfer-Encoding:
      - chunked
      Via:
      - 1.1 vegur
    body:
      encoding: UTF-8
      string: '{"data":"gallery created successfully"}'
  recorded_at: Sun, 18 Apr 2021 17:08:36 GMT
- request:
    method: get
    uri: https://lit-atoll-80185.herokuapp.com/api/v1/profiles/865/galleries
    body:
      encoding: US-ASCII
      string: ''
    headers:
      User-Agent:
      - Faraday v1.3.0
      Accept-Encoding:
      - gzip;q=1.0,deflate;q=0.6,identity;q=0.3
      Accept:
      - "*/*"
  response:
    status:
      code: 200
      message: OK
    headers:
      Server:
      - Cowboy
      Date:
      - Sun, 18 Apr 2021 17:08:36 GMT
      Connection:
      - keep-alive
      Content-Type:
      - application/json; charset=utf-8
      Etag:
      - W/"90ae161fb4a8cb2e67018812a08b4c1b"
      Cache-Control:
      - max-age=0, private, must-revalidate
      X-Request-Id:
      - db45cb87-b42f-431d-aabd-5036a6352572
      X-Runtime:
      - '0.034920'
      Transfer-Encoding:
      - chunked
      Via:
      - 1.1 vegur
    body:
      encoding: UTF-8
      string: '{"data":[{"id":"58","type":"gallery","attributes":{"user_id":865,"photo_url":"fjdlkas","name":"gallery","created_at":"2021-04-18T17:08:36.769Z","updated_at":"2021-04-18T17:08:36.769Z","photo_count":0}}]}'
  recorded_at: Sun, 18 Apr 2021 17:08:36 GMT
- request:
    method: post
    uri: https://lit-atoll-80185.herokuapp.com/api/v1/profiles/865/galleries/58/photos?description=description&url=url
    body:
      encoding: UTF-8
      string: ''
    headers:
      User-Agent:
      - Faraday v1.3.0
      Content-Length:
      - '0'
      Accept-Encoding:
      - gzip;q=1.0,deflate;q=0.6,identity;q=0.3
      Accept:
      - "*/*"
  response:
    status:
      code: 201
      message: Created
    headers:
      Server:
      - Cowboy
      Date:
      - Sun, 18 Apr 2021 17:08:36 GMT
      Connection:
      - keep-alive
      Content-Type:
      - application/json; charset=utf-8
      Etag:
      - W/"e9f182fcd88f2adf9d1cff4b3b9568da"
      Cache-Control:
      - max-age=0, private, must-revalidate
      X-Request-Id:
      - 1d548c5b-b201-4070-877b-3999dc1bb9f9
      X-Runtime:
      - '0.046955'
      Transfer-Encoding:
      - chunked
      Via:
      - 1.1 vegur
    body:
      encoding: UTF-8
      string: '{"data":"photo created successfully"}'
  recorded_at: Sun, 18 Apr 2021 17:08:37 GMT
recorded_with: VCR 6.0.0
