---
http_interactions:
- request:
    method: post
    uri: https://lit-atoll-80185.herokuapp.com/api/v1/photos
    body:
      encoding: UTF-8
      string: ''
    headers:
      User-Agent:
      - Faraday v1.3.0
      Content-Length:
      - '0'
      Accept-Encoding:
      - gzip;q=1.0,deflate;q=0.6,identity;q=0.3
      Accept:
      - "*/*"
  response:
    status:
      code: 404
      message: Not Found
    headers:
      Server:
      - Cowboy
      Date:
      - Sat, 17 Apr 2021 23:01:27 GMT
      Connection:
      - keep-alive
      Content-Type:
      - text/html; charset=UTF-8
      X-Request-Id:
      - 8206ac56-f2a2-4798-a019-4a6ae535dd0a
      X-Runtime:
      - '0.002019'
      Content-Length:
      - '0'
      Via:
      - 1.1 vegur
    body:
      encoding: UTF-8
      string: ''
  recorded_at: Sat, 17 Apr 2021 23:01:27 GMT
- request:
    method: get
    uri: https://lit-atoll-80185.herokuapp.com/api/v1/profiles/10000002/circle
    body:
      encoding: US-ASCII
      string: ''
    headers:
      User-Agent:
      - Faraday v1.3.0
      Accept-Encoding:
      - gzip;q=1.0,deflate;q=0.6,identity;q=0.3
      Accept:
      - "*/*"
  response:
    status:
      code: 200
      message: OK
    headers:
      Server:
      - Cowboy
      Date:
      - Sat, 17 Apr 2021 23:01:27 GMT
      Connection:
      - keep-alive
      Content-Type:
      - application/json; charset=utf-8
      Etag:
      - W/"2143c67a9cfae90f985a4aece53a6a6b"
      Cache-Control:
      - max-age=0, private, must-revalidate
      X-Request-Id:
      - 7c83a4e1-b6a5-4688-87d3-3f0be9026aaf
      X-Runtime:
      - '0.011875'
      Transfer-Encoding:
      - chunked
      Via:
      - 1.1 vegur
    body:
      encoding: UTF-8
      string: '{"data":[{"id":"16","type":"profile","attributes":{"zipcode":"80021","user_id":10000001,"profile_picture":"http://www.google.com","username":null}},{"id":"18","type":"profile","attributes":{"zipcode":"80023","user_id":10000003,"profile_picture":"http://www.google.com","username":null}},{"id":"19","type":"profile","attributes":{"zipcode":"80024","user_id":10000004,"profile_picture":"http://www.google.com","username":null}},{"id":"20","type":"profile","attributes":{"zipcode":"80025","user_id":10000005,"profile_picture":"http://www.google.com","username":null}}]}'
  recorded_at: Sat, 17 Apr 2021 23:01:27 GMT
- request:
    method: get
    uri: https://lit-atoll-80185.herokuapp.com/api/v1/profiles/10000002/circle/posts
    body:
      encoding: US-ASCII
      string: ''
    headers:
      User-Agent:
      - Faraday v1.3.0
      Accept-Encoding:
      - gzip;q=1.0,deflate;q=0.6,identity;q=0.3
      Accept:
      - "*/*"
  response:
    status:
      code: 200
      message: OK
    headers:
      Server:
      - Cowboy
      Date:
      - Sat, 17 Apr 2021 23:01:27 GMT
      Connection:
      - keep-alive
      Content-Type:
      - application/json; charset=utf-8
      Etag:
      - W/"6af2cd0c229d555c2d2361ed72e92649"
      Cache-Control:
      - max-age=0, private, must-revalidate
      X-Request-Id:
      - 8532f968-e9fe-493f-9312-d056f46983da
      X-Runtime:
      - '0.023999'
      Transfer-Encoding:
      - chunked
      Via:
      - 1.1 vegur
    body:
      encoding: UTF-8
      string: '{"data":[{"id":"1","type":"post","attributes":{"content":"hey did you
        see that lil nas X video?","link":"photoURL.com","user_id":10000001}},{"id":"2","type":"post","attributes":{"content":"hey
        did you see that create meme?","link":"photoURL.com","user_id":10000001}},{"id":"3","type":"post","attributes":{"content":"hey
        did you see that riot footage?","link":null,"user_id":10000001}},{"id":"6","type":"post","attributes":{"content":"hey
        did you see software update?","link":"photoURL.com","user_id":10000003}},{"id":"7","type":"post","attributes":{"content":"hey
        did you see your mom called?","link":null,"user_id":10000003}},{"id":"8","type":"post","attributes":{"content":"hey
        did you see that we''re not friends on FB anymore?","link":"photoURL.com","user_id":10000004}},{"id":"9","type":"post","attributes":{"content":"hey
        did you see hear about that create app called ''level''?","link":"photoURL.com","user_id":10000004}},{"id":"10","type":"post","attributes":{"content":"hey
        i just got hired at a sick new comapny","link":null,"user_id":10000005}}]}'
  recorded_at: Sat, 17 Apr 2021 23:01:28 GMT
- request:
    method: get
    uri: https://lit-atoll-80185.herokuapp.com/api/v1/profile/10000002/tags
    body:
      encoding: US-ASCII
      string: ''
    headers:
      User-Agent:
      - Faraday v1.3.0
      Accept-Encoding:
      - gzip;q=1.0,deflate;q=0.6,identity;q=0.3
      Accept:
      - "*/*"
  response:
    status:
      code: 200
      message: OK
    headers:
      Server:
      - Cowboy
      Date:
      - Sat, 17 Apr 2021 23:01:27 GMT
      Connection:
      - keep-alive
      Content-Type:
      - application/json; charset=utf-8
      Etag:
      - W/"8ed601282728e6ea6eb126ae334fa48c"
      Cache-Control:
      - max-age=0, private, must-revalidate
      X-Request-Id:
      - e931302a-9c8b-4bbd-90ec-51f2da55a2ba
      X-Runtime:
      - '0.022585'
      Transfer-Encoding:
      - chunked
      Via:
      - 1.1 vegur
    body:
      encoding: UTF-8
      string: '{"data":[{"id":"19","type":"tag","attributes":{"name":"Photographer"}},{"id":"20","type":"tag","attributes":{"name":"Drummer"}}]}'
  recorded_at: Sat, 17 Apr 2021 23:01:28 GMT
- request:
    method: get
    uri: https://lit-atoll-80185.herokuapp.com/api/v1/profiles/10000002/post
    body:
      encoding: US-ASCII
      string: ''
    headers:
      User-Agent:
      - Faraday v1.3.0
      Accept-Encoding:
      - gzip;q=1.0,deflate;q=0.6,identity;q=0.3
      Accept:
      - "*/*"
  response:
    status:
      code: 200
      message: OK
    headers:
      Server:
      - Cowboy
      Date:
      - Sat, 17 Apr 2021 23:01:28 GMT
      Connection:
      - keep-alive
      Content-Type:
      - application/json; charset=utf-8
      Etag:
      - W/"8dfe7cfaf5e6ed4df8ce610a22486f53"
      Cache-Control:
      - max-age=0, private, must-revalidate
      X-Request-Id:
      - 4eaf02ef-5866-4b54-94c2-b16e42642070
      X-Runtime:
      - '0.006803'
      Transfer-Encoding:
      - chunked
      Via:
      - 1.1 vegur
    body:
      encoding: UTF-8
      string: '{"data":[{"id":"4","type":"post","attributes":{"content":"hey did you
        see that headline?","link":"photoURL.com","user_id":10000002}},{"id":"5","type":"post","attributes":{"content":"hey
        checkout my create shoes?","link":"photoURL.com","user_id":10000002}}]}'
  recorded_at: Sat, 17 Apr 2021 23:01:28 GMT
recorded_with: VCR 6.0.0
