---
http_interactions:
- request:
    method: get
    uri: http://localhost:3001/api/v1/profiles/1/circle
    body:
      encoding: US-ASCII
      string: ''
    headers:
      User-Agent:
      - Faraday v1.4.1
      Accept-Encoding:
      - gzip;q=1.0,deflate;q=0.6,identity;q=0.3
      Accept:
      - "*/*"
  response:
    status:
      code: 200
      message: OK
    headers:
      Content-Type:
      - application/json; charset=utf-8
      Etag:
      - W/"f76144aad54aa53463ca3d8d974f3438"
      Cache-Control:
      - max-age=0, private, must-revalidate
      X-Request-Id:
      - c2703b7f-a93e-47ed-b161-81590b9f8155
      X-Runtime:
      - '0.004861'
      Transfer-Encoding:
      - chunked
    body:
      encoding: UTF-8
      string: '{"data":[{"id":"2","type":"profile","attributes":{"zipcode":"80305","user_id":2,"profile_picture":"http://www.google.com","username":"korn"}},{"id":"3","type":"profile","attributes":{"zipcode":"80304","user_id":3,"profile_picture":"http://www.google.com","username":"slipknot"}},{"id":"4","type":"profile","attributes":{"zipcode":"80303","user_id":4,"profile_picture":"http://www.google.com","username":"photos
        by jim"}},{"id":"5","type":"profile","attributes":{"zipcode":"80544","user_id":5,"profile_picture":"http://www.google.com","username":"arteest"}}]}'
  recorded_at: Thu, 22 Apr 2021 02:05:07 GMT
- request:
    method: get
    uri: http://localhost:3001/api/v1/profiles/1/circle/posts
    body:
      encoding: US-ASCII
      string: ''
    headers:
      User-Agent:
      - Faraday v1.4.1
      Accept-Encoding:
      - gzip;q=1.0,deflate;q=0.6,identity;q=0.3
      Accept:
      - "*/*"
  response:
    status:
      code: 200
      message: OK
    headers:
      Content-Type:
      - application/json; charset=utf-8
      Etag:
      - W/"64bfaed62b3eb6b40e4512c9bdc2ced8"
      Cache-Control:
      - max-age=0, private, must-revalidate
      X-Request-Id:
      - 375f097c-6507-4277-a26b-1e4fc7465a5a
      X-Runtime:
      - '0.007501'
      Transfer-Encoding:
      - chunked
    body:
      encoding: UTF-8
      string: '{"data":[{"id":"4","type":"post","attributes":{"content":"hey did you
        see that headline?","link":"photoURL.com","user_id":2,"created_at":"2021-04-22T01:53:56.388Z"}},{"id":"5","type":"post","attributes":{"content":"hey
        checkout my create shoes?","link":"photoURL.com","user_id":2,"created_at":"2021-04-22T01:53:56.390Z"}},{"id":"6","type":"post","attributes":{"content":"hey
        did you see software update?","link":"photoURL.com","user_id":3,"created_at":"2021-04-22T01:53:56.392Z"}},{"id":"7","type":"post","attributes":{"content":"hey
        did you see your mom called?","link":null,"user_id":3,"created_at":"2021-04-22T01:53:56.394Z"}},{"id":"8","type":"post","attributes":{"content":"hey
        did you see that we''re not friends on FB anymore?","link":"photoURL.com","user_id":4,"created_at":"2021-04-22T01:53:56.396Z"}},{"id":"9","type":"post","attributes":{"content":"hey
        did you see hear about that create app called ''level''?","link":"photoURL.com","user_id":4,"created_at":"2021-04-22T01:53:56.399Z"}},{"id":"10","type":"post","attributes":{"content":"hey
        i just got hired at a sick new comapny","link":null,"user_id":5,"created_at":"2021-04-22T01:53:56.401Z"}}]}'
  recorded_at: Thu, 22 Apr 2021 02:05:07 GMT
- request:
    method: get
    uri: http://localhost:3001/api/v1/profiles/1/post
    body:
      encoding: US-ASCII
      string: ''
    headers:
      User-Agent:
      - Faraday v1.4.1
      Accept-Encoding:
      - gzip;q=1.0,deflate;q=0.6,identity;q=0.3
      Accept:
      - "*/*"
  response:
    status:
      code: 200
      message: OK
    headers:
      Content-Type:
      - application/json; charset=utf-8
      Etag:
      - W/"c57349fc2073a29e619771034e9195b0"
      Cache-Control:
      - max-age=0, private, must-revalidate
      X-Request-Id:
      - f028e210-95ca-48c5-bad1-1bb66b635b85
      X-Runtime:
      - '0.005085'
      Transfer-Encoding:
      - chunked
    body:
      encoding: UTF-8
      string: '{"data":[{"id":"11","type":"post","attributes":{"content":"this is
        my first post","link":"www.google.com","user_id":1,"created_at":"2021-04-22T02:05:07.338Z"}},{"id":"3","type":"post","attributes":{"content":"hey
        did you see that riot footage?","link":null,"user_id":1,"created_at":"2021-04-22T01:53:56.386Z"}},{"id":"2","type":"post","attributes":{"content":"hey
        did you see that create meme?","link":"photoURL.com","user_id":1,"created_at":"2021-04-22T01:53:56.366Z"}},{"id":"1","type":"post","attributes":{"content":"hey
        did you see that lil nas X video?","link":"photoURL.com","user_id":1,"created_at":"2021-04-22T01:53:56.363Z"}}]}'
  recorded_at: Thu, 22 Apr 2021 02:05:07 GMT
- request:
    method: get
    uri: http://localhost:3001/api/v1/profiles/1
    body:
      encoding: US-ASCII
      string: ''
    headers:
      User-Agent:
      - Faraday v1.4.1
      Accept-Encoding:
      - gzip;q=1.0,deflate;q=0.6,identity;q=0.3
      Accept:
      - "*/*"
  response:
    status:
      code: 200
      message: OK
    headers:
      Content-Type:
      - application/json; charset=utf-8
      Etag:
      - W/"26830db28cea9cadaa30ce67a401308e"
      Cache-Control:
      - max-age=0, private, must-revalidate
      X-Request-Id:
      - 80958616-ab1b-4fd9-9736-3bab0092e74e
      X-Runtime:
      - '0.002896'
      Transfer-Encoding:
      - chunked
    body:
      encoding: UTF-8
      string: '{"data":{"id":"1","type":"profile","attributes":{"zipcode":"80301","user_id":1,"profile_picture":"http://www.google.com","username":"the
        painter man"}}}'
  recorded_at: Thu, 22 Apr 2021 02:05:07 GMT
- request:
    method: get
    uri: http://localhost:3001/api/v1/profiles/1
    body:
      encoding: US-ASCII
      string: ''
    headers:
      User-Agent:
      - Faraday v1.4.1
      Accept-Encoding:
      - gzip;q=1.0,deflate;q=0.6,identity;q=0.3
      Accept:
      - "*/*"
  response:
    status:
      code: 200
      message: OK
    headers:
      Content-Type:
      - application/json; charset=utf-8
      Etag:
      - W/"26830db28cea9cadaa30ce67a401308e"
      Cache-Control:
      - max-age=0, private, must-revalidate
      X-Request-Id:
      - cac28a98-6a03-4869-8ab7-ce0727aefb32
      X-Runtime:
      - '0.003368'
      Transfer-Encoding:
      - chunked
    body:
      encoding: UTF-8
      string: '{"data":{"id":"1","type":"profile","attributes":{"zipcode":"80301","user_id":1,"profile_picture":"http://www.google.com","username":"the
        painter man"}}}'
  recorded_at: Thu, 22 Apr 2021 02:05:07 GMT
- request:
    method: get
    uri: http://localhost:3001/api/v1/profile/1/tags
    body:
      encoding: US-ASCII
      string: ''
    headers:
      User-Agent:
      - Faraday v1.4.1
      Accept-Encoding:
      - gzip;q=1.0,deflate;q=0.6,identity;q=0.3
      Accept:
      - "*/*"
  response:
    status:
      code: 200
      message: OK
    headers:
      Content-Type:
      - application/json; charset=utf-8
      Etag:
      - W/"b097848aa641a140251637a1381b4326"
      Cache-Control:
      - max-age=0, private, must-revalidate
      X-Request-Id:
      - d52f8f4b-3b89-40e7-abb8-3d540048d4e8
      X-Runtime:
      - '0.004791'
      Transfer-Encoding:
      - chunked
    body:
      encoding: UTF-8
      string: '{"data":[{"id":"1","type":"tag","attributes":{"name":"Painter"}},{"id":"3","type":"tag","attributes":{"name":"Sculpter"}}]}'
  recorded_at: Thu, 22 Apr 2021 02:05:07 GMT
- request:
    method: get
    uri: http://localhost:3001/api/v1/profiles/1/galleries
    body:
      encoding: US-ASCII
      string: ''
    headers:
      User-Agent:
      - Faraday v1.4.1
      Accept-Encoding:
      - gzip;q=1.0,deflate;q=0.6,identity;q=0.3
      Accept:
      - "*/*"
  response:
    status:
      code: 200
      message: OK
    headers:
      Content-Type:
      - application/json; charset=utf-8
      Etag:
      - W/"cb98bea0e300c33615fd5766c4ef2634"
      Cache-Control:
      - max-age=0, private, must-revalidate
      X-Request-Id:
      - 39804807-f6c7-40b6-9e30-b092a9cadda5
      X-Runtime:
      - '0.003768'
      Transfer-Encoding:
      - chunked
    body:
      encoding: UTF-8
      string: '{"data":[{"id":"1","type":"gallery","attributes":{"user_id":1,"name":"photos
        from cali","created_at":"2021-04-22T01:53:56.411Z","updated_at":"2021-04-22T01:53:56.411Z","photo_url":"https://miro.medium.com/max/3840/1*6h1kck2QmGaC89ERN_W3UA.jpeg"}},{"id":"9","type":"gallery","attributes":{"user_id":1,"name":"PROFILE","created_at":"2021-04-22T01:53:56.435Z","updated_at":"2021-04-22T01:53:56.435Z","photo_url":"https://wallpaperaccess.com/full/16965.jpg"}},{"id":"10","type":"gallery","attributes":{"user_id":1,"name":"Profile","created_at":"2021-04-22T01:53:56.437Z","updated_at":"2021-04-22T01:53:56.437Z","photo_url":"https://wallpaperaccess.com/full/16965.jpg"}}]}'
  recorded_at: Thu, 22 Apr 2021 02:05:07 GMT
- request:
    method: get
    uri: http://localhost:3001/api/v1/profiles/1/galleries/1/photos
    body:
      encoding: US-ASCII
      string: ''
    headers:
      User-Agent:
      - Faraday v1.4.1
      Accept-Encoding:
      - gzip;q=1.0,deflate;q=0.6,identity;q=0.3
      Accept:
      - "*/*"
  response:
    status:
      code: 200
      message: OK
    headers:
      Content-Type:
      - application/json; charset=utf-8
      Etag:
      - W/"794afa0a259a031b74a5707b774b5d7f"
      Cache-Control:
      - max-age=0, private, must-revalidate
      X-Request-Id:
      - f17f6b27-dc89-4602-ad7a-dd1046c88344
      X-Runtime:
      - '0.006491'
      Transfer-Encoding:
      - chunked
    body:
      encoding: UTF-8
      string: '{"data":[{"id":"1","type":"photo","attributes":{"description":"pic
        1","url":"https://miro.medium.com/max/3840/1*6h1kck2QmGaC89ERN_W3UA.jpeg","created_at":"2021-04-22T01:53:56.472Z","updated_at":"2021-04-22T01:53:56.472Z","gallery_id":1,"user_id":1}},{"id":"2","type":"photo","attributes":{"description":"pic
        1","url":"http://www.google.com","created_at":"2021-04-22T01:53:56.477Z","updated_at":"2021-04-22T01:53:56.477Z","gallery_id":1,"user_id":1}},{"id":"3","type":"photo","attributes":{"description":"pic
        1","url":"http://www.google.com","created_at":"2021-04-22T01:53:56.482Z","updated_at":"2021-04-22T01:53:56.482Z","gallery_id":1,"user_id":1}}]}'
  recorded_at: Thu, 22 Apr 2021 02:05:07 GMT
- request:
    method: get
    uri: http://localhost:3001/api/v1/profiles/1/galleries/9/photos
    body:
      encoding: US-ASCII
      string: ''
    headers:
      User-Agent:
      - Faraday v1.4.1
      Accept-Encoding:
      - gzip;q=1.0,deflate;q=0.6,identity;q=0.3
      Accept:
      - "*/*"
  response:
    status:
      code: 200
      message: OK
    headers:
      Content-Type:
      - application/json; charset=utf-8
      Etag:
      - W/"fe08d5982817fd89c86e7962c35fca61"
      Cache-Control:
      - max-age=0, private, must-revalidate
      X-Request-Id:
      - 1e9f605b-b8f2-460e-96dd-764537ef7970
      X-Runtime:
      - '0.004763'
      Transfer-Encoding:
      - chunked
    body:
      encoding: UTF-8
      string: '{"data":[{"id":"23","type":"photo","attributes":{"description":"feature
        photo","url":"https://wallpaperaccess.com/full/16965.jpg","created_at":"2021-04-22T01:53:56.545Z","updated_at":"2021-04-22T01:53:56.545Z","gallery_id":9,"user_id":1}}]}'
  recorded_at: Thu, 22 Apr 2021 02:05:07 GMT
- request:
    method: get
    uri: http://localhost:3001/api/v1/profiles/1/galleries/10/photos
    body:
      encoding: US-ASCII
      string: ''
    headers:
      User-Agent:
      - Faraday v1.4.1
      Accept-Encoding:
      - gzip;q=1.0,deflate;q=0.6,identity;q=0.3
      Accept:
      - "*/*"
  response:
    status:
      code: 200
      message: OK
    headers:
      Content-Type:
      - application/json; charset=utf-8
      Etag:
      - W/"3e98ff73423755da11aaf87a65648b4c"
      Cache-Control:
      - max-age=0, private, must-revalidate
      X-Request-Id:
      - 1cc4c2d5-d6cb-4639-9ac9-c6812df5945c
      X-Runtime:
      - '0.006049'
      Transfer-Encoding:
      - chunked
    body:
      encoding: UTF-8
      string: '{"data":[{"id":"24","type":"photo","attributes":{"description":"feature
        photo","url":"https://media.wired.com/photos/5cdefb92b86e041493d389df/191:100/w_1500,h_785,c_limit/Culture-Grumpy-Cat-487386121.jpg","created_at":"2021-04-22T01:53:56.548Z","updated_at":"2021-04-22T01:53:56.548Z","gallery_id":10,"user_id":1}}]}'
  recorded_at: Thu, 22 Apr 2021 02:05:07 GMT
recorded_with: VCR 6.0.0
